Archive member included to satisfy reference by file (symbol)

/Users/SophiaAA/STM32Toolchain/gcc-arm-none-eabi-8-2018-q4-major/bin/../lib/gcc/arm-none-eabi/8.2.1/../../../../arm-none-eabi/lib/thumb/v7e-m+fp/hard/libc_nano.a(lib_a-exit.o)
                              /Users/SophiaAA/STM32Toolchain/gcc-arm-none-eabi-8-2018-q4-major/bin/../lib/gcc/arm-none-eabi/8.2.1/../../../../arm-none-eabi/lib/thumb/v7e-m+fp/hard/crt0.o (exit)
/Users/SophiaAA/STM32Toolchain/gcc-arm-none-eabi-8-2018-q4-major/bin/../lib/gcc/arm-none-eabi/8.2.1/../../../../arm-none-eabi/lib/thumb/v7e-m+fp/hard/libc_nano.a(lib_a-impure.o)
                              /Users/SophiaAA/STM32Toolchain/gcc-arm-none-eabi-8-2018-q4-major/bin/../lib/gcc/arm-none-eabi/8.2.1/../../../../arm-none-eabi/lib/thumb/v7e-m+fp/hard/libc_nano.a(lib_a-exit.o) (_global_impure_ptr)
/Users/SophiaAA/STM32Toolchain/gcc-arm-none-eabi-8-2018-q4-major/bin/../lib/gcc/arm-none-eabi/8.2.1/../../../../arm-none-eabi/lib/thumb/v7e-m+fp/hard/libc_nano.a(lib_a-init.o)
                              /Users/SophiaAA/STM32Toolchain/gcc-arm-none-eabi-8-2018-q4-major/bin/../lib/gcc/arm-none-eabi/8.2.1/../../../../arm-none-eabi/lib/thumb/v7e-m+fp/hard/crt0.o (__libc_init_array)
/Users/SophiaAA/STM32Toolchain/gcc-arm-none-eabi-8-2018-q4-major/bin/../lib/gcc/arm-none-eabi/8.2.1/../../../../arm-none-eabi/lib/thumb/v7e-m+fp/hard/libc_nano.a(lib_a-memset.o)
                              /Users/SophiaAA/STM32Toolchain/gcc-arm-none-eabi-8-2018-q4-major/bin/../lib/gcc/arm-none-eabi/8.2.1/../../../../arm-none-eabi/lib/thumb/v7e-m+fp/hard/crt0.o (memset)
/Users/SophiaAA/STM32Toolchain/gcc-arm-none-eabi-8-2018-q4-major/bin/../lib/gcc/arm-none-eabi/8.2.1/../../../../arm-none-eabi/lib/thumb/v7e-m+fp/hard/libnosys.a(_exit.o)
                              /Users/SophiaAA/STM32Toolchain/gcc-arm-none-eabi-8-2018-q4-major/bin/../lib/gcc/arm-none-eabi/8.2.1/../../../../arm-none-eabi/lib/thumb/v7e-m+fp/hard/libc_nano.a(lib_a-exit.o) (_exit)
/Users/SophiaAA/STM32Toolchain/gcc-arm-none-eabi-8-2018-q4-major/bin/../lib/gcc/arm-none-eabi/8.2.1/thumb/v7e-m+fp/hard/libgcc.a(_arm_addsubdf3.o)
                              build/main.o (__aeabi_dsub)
/Users/SophiaAA/STM32Toolchain/gcc-arm-none-eabi-8-2018-q4-major/bin/../lib/gcc/arm-none-eabi/8.2.1/thumb/v7e-m+fp/hard/libgcc.a(_arm_muldivdf3.o)
                              build/main.o (__aeabi_ddiv)
/Users/SophiaAA/STM32Toolchain/gcc-arm-none-eabi-8-2018-q4-major/bin/../lib/gcc/arm-none-eabi/8.2.1/thumb/v7e-m+fp/hard/libgcc.a(_arm_fixdfsi.o)
                              build/main.o (__aeabi_d2iz)
/Users/SophiaAA/STM32Toolchain/gcc-arm-none-eabi-8-2018-q4-major/bin/../lib/gcc/arm-none-eabi/8.2.1/thumb/v7e-m+fp/hard/libgcc.a(_arm_fixunsdfsi.o)
                              build/main.o (__aeabi_d2uiz)
/Users/SophiaAA/STM32Toolchain/gcc-arm-none-eabi-8-2018-q4-major/bin/../lib/gcc/arm-none-eabi/8.2.1/thumb/v7e-m+fp/hard/libgcc.a(_aeabi_ldivmod.o)
                              build/main.o (__aeabi_ldivmod)
/Users/SophiaAA/STM32Toolchain/gcc-arm-none-eabi-8-2018-q4-major/bin/../lib/gcc/arm-none-eabi/8.2.1/thumb/v7e-m+fp/hard/libgcc.a(_udivmoddi4.o)
                              /Users/SophiaAA/STM32Toolchain/gcc-arm-none-eabi-8-2018-q4-major/bin/../lib/gcc/arm-none-eabi/8.2.1/thumb/v7e-m+fp/hard/libgcc.a(_aeabi_ldivmod.o) (__udivmoddi4)
/Users/SophiaAA/STM32Toolchain/gcc-arm-none-eabi-8-2018-q4-major/bin/../lib/gcc/arm-none-eabi/8.2.1/thumb/v7e-m+fp/hard/libgcc.a(_dvmd_tls.o)
                              /Users/SophiaAA/STM32Toolchain/gcc-arm-none-eabi-8-2018-q4-major/bin/../lib/gcc/arm-none-eabi/8.2.1/thumb/v7e-m+fp/hard/libgcc.a(_aeabi_ldivmod.o) (__aeabi_ldiv0)

Allocating common symbols
Common symbol       size              file

hspi2               0x64              build/main.o
tempfootprint       0x7b8             build/main.o
hi2c1               0x4c              build/main.o
uwTick              0x4               build/stm32f3xx_hal.o
pFlash              0x20              build/stm32f3xx_hal_flash.o
tau63               0x8               build/main.o
htim1               0x40              build/main.o
vref                0x4               build/main.o
huart4              0x70              build/main.o
step                0x4               build/main.o

Discarded input sections

 .text          0x0000000000000000        0x0 /Users/SophiaAA/STM32Toolchain/gcc-arm-none-eabi-8-2018-q4-major/bin/../lib/gcc/arm-none-eabi/8.2.1/thumb/v7e-m+fp/hard/crti.o
 .data          0x0000000000000000        0x0 /Users/SophiaAA/STM32Toolchain/gcc-arm-none-eabi-8-2018-q4-major/bin/../lib/gcc/arm-none-eabi/8.2.1/thumb/v7e-m+fp/hard/crti.o
 .bss           0x0000000000000000        0x0 /Users/SophiaAA/STM32Toolchain/gcc-arm-none-eabi-8-2018-q4-major/bin/../lib/gcc/arm-none-eabi/8.2.1/thumb/v7e-m+fp/hard/crti.o
[...]
Memory Configuration

Name             Origin             Length             Attributes
RAM              0x0000000020000000 0x0000000000010000 xrw
CCMRAM           0x0000000010000000 0x0000000000004000 rw
FLASH            0x0000000008000000 0x0000000000080000 xr
*default*        0x0000000000000000 0xffffffffffffffff

Linker script and memory map

LOAD /Users/SophiaAA/STM32Toolchain/gcc-arm-none-eabi-8-2018-q4-major/bin/../lib/gcc/arm-none-eabi/8.2.1/thumb/v7e-m+fp/hard/crti.o
LOAD /Users/SophiaAA/STM32Toolchain/gcc-arm-none-eabi-8-2018-q4-major/bin/../lib/gcc/arm-none-eabi/8.2.1/thumb/v7e-m+fp/hard/crtbegin.o
LOAD /Users/SophiaAA/STM32Toolchain/gcc-arm-none-eabi-8-2018-q4-major/bin/../lib/gcc/arm-none-eabi/8.2.1/../../../../arm-none-eabi/lib/thumb/v7e-m+fp/hard/crt0.o
LOAD build/main.o
LOAD build/stm32f3xx_it.o
LOAD build/stm32f3xx_hal_msp.o
LOAD build/stm32f3xx_hal_i2c.o
LOAD build/stm32f3xx_hal_i2c_ex.o
LOAD build/stm32f3xx_hal_spi.o
LOAD build/stm32f3xx_hal_spi_ex.o
LOAD build/stm32f3xx_hal_tim.o
LOAD build/stm32f3xx_hal_tim_ex.o
LOAD build/stm32f3xx_hal_uart.o
LOAD build/stm32f3xx_hal_uart_ex.o
LOAD build/stm32f3xx_hal.o
LOAD build/stm32f3xx_hal_rcc.o
LOAD build/stm32f3xx_hal_rcc_ex.o
LOAD build/stm32f3xx_hal_gpio.o
LOAD build/stm32f3xx_hal_dma.o
LOAD build/stm32f3xx_hal_cortex.o
LOAD build/stm32f3xx_hal_pwr.o
LOAD build/stm32f3xx_hal_pwr_ex.o
LOAD build/stm32f3xx_hal_flash.o
LOAD build/stm32f3xx_hal_flash_ex.o
LOAD build/system_stm32f3xx.o
LOAD build/startup_stm32f303xe.o
LOAD /Users/SophiaAA/STM32Toolchain/gcc-arm-none-eabi-8-2018-q4-major/bin/../lib/gcc/arm-none-eabi/8.2.1/../../../../arm-none-eabi/lib/thumb/v7e-m+fp/hard/libc_nano.a
LOAD /Users/SophiaAA/STM32Toolchain/gcc-arm-none-eabi-8-2018-q4-major/bin/../lib/gcc/arm-none-eabi/8.2.1/../../../../arm-none-eabi/lib/thumb/v7e-m+fp/hard/libm.a
LOAD /Users/SophiaAA/STM32Toolchain/gcc-arm-none-eabi-8-2018-q4-major/bin/../lib/gcc/arm-none-eabi/8.2.1/../../../../arm-none-eabi/lib/thumb/v7e-m+fp/hard/libnosys.a
START GROUP
LOAD /Users/SophiaAA/STM32Toolchain/gcc-arm-none-eabi-8-2018-q4-major/bin/../lib/gcc/arm-none-eabi/8.2.1/thumb/v7e-m+fp/hard/libgcc.a
LOAD /Users/SophiaAA/STM32Toolchain/gcc-arm-none-eabi-8-2018-q4-major/bin/../lib/gcc/arm-none-eabi/8.2.1/../../../../arm-none-eabi/lib/thumb/v7e-m+fp/hard/libc_nano.a
END GROUP
START GROUP
LOAD /Users/SophiaAA/STM32Toolchain/gcc-arm-none-eabi-8-2018-q4-major/bin/../lib/gcc/arm-none-eabi/8.2.1/thumb/v7e-m+fp/hard/libgcc.a
LOAD /Users/SophiaAA/STM32Toolchain/gcc-arm-none-eabi-8-2018-q4-major/bin/../lib/gcc/arm-none-eabi/8.2.1/../../../../arm-none-eabi/lib/thumb/v7e-m+fp/hard/libc_nano.a
END GROUP
LOAD /Users/SophiaAA/STM32Toolchain/gcc-arm-none-eabi-8-2018-q4-major/bin/../lib/gcc/arm-none-eabi/8.2.1/thumb/v7e-m+fp/hard/crtend.o
LOAD /Users/SophiaAA/STM32Toolchain/gcc-arm-none-eabi-8-2018-q4-major/bin/../lib/gcc/arm-none-eabi/8.2.1/thumb/v7e-m+fp/hard/crtn.o
                0x0000000020010000                _estack = 0x20010000
                0x0000000000000200                _Min_Heap_Size = 0x200
                0x0000000000000400                _Min_Stack_Size = 0x400

.isr_vector     0x0000000008000000      0x194
                0x0000000008000000                . = ALIGN (0x4)
 *(.isr_vector)
 .isr_vector    0x0000000008000000      0x194 build/startup_stm32f303xe.o
                0x0000000008000000                g_pfnVectors
                0x0000000008000194                . = ALIGN (0x4)

.text           0x0000000008000194     0x4798
                0x0000000008000194                . = ALIGN (0x4)
 *(.text)
 .text          0x0000000008000194       0x40 /Users/SophiaAA/STM32Toolchain/gcc-arm-none-eabi-8-2018-q4-major/bin/../lib/gcc/arm-none-eabi/8.2.1/thumb/v7e-m+fp/hard/crtbegin.o
 .text          0x00000000080001d4      0x378 /Users/SophiaAA/STM32Toolchain/gcc-arm-none-eabi-8-2018-q4-major/bin/../lib/gcc/arm-none-eabi/8.2.1/thumb/v7e-m+fp/hard/libgcc.a(_arm_addsubdf3.o)
                0x00000000080001d4                __aeabi_drsub
                0x00000000080001dc                __subdf3
                0x00000000080001dc                __aeabi_dsub
                0x00000000080001e0                __aeabi_dadd
                0x00000000080001e0                __adddf3
                0x0000000008000458                __aeabi_ui2d
                0x0000000008000458                __floatunsidf
                0x0000000008000478                __floatsidf
                0x0000000008000478                __aeabi_i2d
                0x000000000800049c                __extendsfdf2
                0x000000000800049c                __aeabi_f2d
                0x00000000080004e0                __aeabi_ul2d
                0x00000000080004e0                __floatundidf
                0x00000000080004f0                __aeabi_l2d
                0x00000000080004f0                __floatdidf
 .text          0x000000000800054c      0x424 /Users/SophiaAA/STM32Toolchain/gcc-arm-none-eabi-8-2018-q4-major/bin/../lib/gcc/arm-none-eabi/8.2.1/thumb/v7e-m+fp/hard/libgcc.a(_arm_muldivdf3.o)
                0x000000000800054c                __aeabi_dmul
                0x000000000800054c                __muldf3
                0x00000000080007a0                __aeabi_ddiv
                0x00000000080007a0                __divdf3
 .text          0x0000000008000970       0x50 /Users/SophiaAA/STM32Toolchain/gcc-arm-none-eabi-8-2018-q4-major/bin/../lib/gcc/arm-none-eabi/8.2.1/thumb/v7e-m+fp/hard/libgcc.a(_arm_fixdfsi.o)
                0x0000000008000970                __fixdfsi
                0x0000000008000970                __aeabi_d2iz
 .text          0x00000000080009c0       0x40 /Users/SophiaAA/STM32Toolchain/gcc-arm-none-eabi-8-2018-q4-major/bin/../lib/gcc/arm-none-eabi/8.2.1/thumb/v7e-m+fp/hard/libgcc.a(_arm_fixunsdfsi.o)
                0x00000000080009c0                __fixunsdfsi
                0x00000000080009c0                __aeabi_d2uiz
 .text          0x0000000008000a00       0xa0 /Users/SophiaAA/STM32Toolchain/gcc-arm-none-eabi-8-2018-q4-major/bin/../lib/gcc/arm-none-eabi/8.2.1/thumb/v7e-m+fp/hard/libgcc.a(_aeabi_ldivmod.o)
                0x0000000008000a00                __aeabi_ldivmod
 .text          0x0000000008000aa0      0x2d0 /Users/SophiaAA/STM32Toolchain/gcc-arm-none-eabi-8-2018-q4-major/bin/../lib/gcc/arm-none-eabi/8.2.1/thumb/v7e-m+fp/hard/libgcc.a(_udivmoddi4.o)
                0x0000000008000aa0                __udivmoddi4
 .text          0x0000000008000d70        0x4 /Users/SophiaAA/STM32Toolchain/gcc-arm-none-eabi-8-2018-q4-major/bin/../lib/gcc/arm-none-eabi/8.2.1/thumb/v7e-m+fp/hard/libgcc.a(_dvmd_tls.o)
                0x0000000008000d70                __aeabi_ldiv0
                0x0000000008000d70                __aeabi_idiv0
 *(.text*)
 .text.pxe_ffy  0x0000000008000d74       0x30 build/main.o
 .text.MX_GPIO_Init
                0x0000000008000da4       0xb0 build/main.o
 .text.MX_SPI2_Init
                0x0000000008000e54       0x44 build/main.o
 .text.MX_UART4_Init
                0x0000000008000e98       0x30 build/main.o
 .text.MX_TIM1_Init
                0x0000000008000ec8       0xbc build/main.o
 .text.MX_I2C1_Init
                0x0000000008000f84       0x44 build/main.o
 .text.spi_tx   0x0000000008000fc8       0x50 build/main.o
 .text.ttn_init
                0x0000000008001018       0x34 build/main.o
 .text.ttn_rowcol
                0x000000000800104c       0x30 build/main.o
 .text.ttn_pxvoRef
                0x000000000800107c       0x3c build/main.o
 .text.ttn_col  0x00000000080010b8       0x18 build/main.o
 .text.ttn_row  0x00000000080010d0       0x18 build/main.o
 .text.ttn_ramread
                0x00000000080010e8       0x48 build/main.o
 .text.ttn_pxvo
                0x0000000008001130       0x3c build/main.o
 .text.ttn_ramwrite
                0x000000000800116c       0x1c build/main.o
 .text.SystemClock_Config
                0x0000000008001188       0x6c build/main.o
                0x0000000008001188                SystemClock_Config
 .text.main     0x00000000080011f4      0xbf8 build/main.o
                0x00000000080011f4                main
 .text.HAL_UART_RxCpltCallback
                0x0000000008001dec      0x164 build/main.o
                0x0000000008001dec                HAL_UART_RxCpltCallback
 .text.NMI_Handler
                0x0000000008001f50        0x2 build/stm32f3xx_it.o
                0x0000000008001f50                NMI_Handler
 .text.HardFault_Handler
                0x0000000008001f52        0x2 build/stm32f3xx_it.o
                0x0000000008001f52                HardFault_Handler
 .text.MemManage_Handler
                0x0000000008001f54        0x2 build/stm32f3xx_it.o
                0x0000000008001f54                MemManage_Handler
 .text.BusFault_Handler
                0x0000000008001f56        0x2 build/stm32f3xx_it.o
                0x0000000008001f56                BusFault_Handler
 .text.UsageFault_Handler
                0x0000000008001f58        0x2 build/stm32f3xx_it.o
                0x0000000008001f58                UsageFault_Handler
 .text.SVC_Handler
                0x0000000008001f5a        0x2 build/stm32f3xx_it.o
                0x0000000008001f5a                SVC_Handler
 .text.DebugMon_Handler
                0x0000000008001f5c        0x2 build/stm32f3xx_it.o
                0x0000000008001f5c                DebugMon_Handler
 .text.PendSV_Handler
                0x0000000008001f5e        0x2 build/stm32f3xx_it.o
                0x0000000008001f5e                PendSV_Handler
 .text.SysTick_Handler
                0x0000000008001f60        0x8 build/stm32f3xx_it.o
                0x0000000008001f60                SysTick_Handler
 .text.UART4_IRQHandler
                0x0000000008001f68       0x10 build/stm32f3xx_it.o
                0x0000000008001f68                UART4_IRQHandler
 .text.HAL_MspInit
                0x0000000008001f78       0x30 build/stm32f3xx_hal_msp.o
                0x0000000008001f78                HAL_MspInit
 .text.HAL_I2C_MspInit
                0x0000000008001fa8       0x6c build/stm32f3xx_hal_msp.o
                0x0000000008001fa8                HAL_I2C_MspInit
 .text.HAL_SPI_MspInit
                0x0000000008002014       0x6c build/stm32f3xx_hal_msp.o
                0x0000000008002014                HAL_SPI_MspInit
 .text.HAL_TIM_Base_MspInit
                0x0000000008002080       0x2c build/stm32f3xx_hal_msp.o
                0x0000000008002080                HAL_TIM_Base_MspInit
 .text.HAL_TIM_MspPostInit
                0x00000000080020ac       0x50 build/stm32f3xx_hal_msp.o
                0x00000000080020ac                HAL_TIM_MspPostInit
 .text.HAL_UART_MspInit
                0x00000000080020fc       0x7c build/stm32f3xx_hal_msp.o
                0x00000000080020fc                HAL_UART_MspInit
 .text.HAL_I2C_Init
                0x0000000008002178       0xbc build/stm32f3xx_hal_i2c.o
                0x0000000008002178                HAL_I2C_Init
 .text.HAL_I2CEx_ConfigAnalogFilter
                0x0000000008002234       0x62 build/stm32f3xx_hal_i2c_ex.o
                0x0000000008002234                HAL_I2CEx_ConfigAnalogFilter
 .text.HAL_I2CEx_ConfigDigitalFilter
                0x0000000008002296       0x5e build/stm32f3xx_hal_i2c_ex.o
                0x0000000008002296                HAL_I2CEx_ConfigDigitalFilter
 .text.SPI_WaitFlagStateUntilTimeout
                0x00000000080022f4       0x92 build/stm32f3xx_hal_spi.o
 .text.SPI_WaitFifoStateUntilTimeout
                0x0000000008002386       0xa4 build/stm32f3xx_hal_spi.o
 .text.SPI_EndRxTxTransaction
                0x000000000800242a       0x66 build/stm32f3xx_hal_spi.o
 .text.HAL_SPI_Init
                0x0000000008002490       0xba build/stm32f3xx_hal_spi.o
                0x0000000008002490                HAL_SPI_Init
 .text.HAL_SPI_TransmitReceive
                0x000000000800254a      0x2b8 build/stm32f3xx_hal_spi.o
                0x000000000800254a                HAL_SPI_TransmitReceive
 .text.HAL_SPI_GetState
                0x0000000008002802        0x6 build/stm32f3xx_hal_spi.o
                0x0000000008002802                HAL_SPI_GetState
 .text.TIM_TI1_ConfigInputStage
                0x0000000008002808       0x26 build/stm32f3xx_hal_tim.o
 .text.TIM_TI2_ConfigInputStage
                0x000000000800282e       0x28 build/stm32f3xx_hal_tim.o
 .text.TIM_ITRx_SetConfig
                0x0000000008002856       0x10 build/stm32f3xx_hal_tim.o
 .text.HAL_TIM_PWM_MspInit
                0x0000000008002866        0x2 build/stm32f3xx_hal_tim.o
                0x0000000008002866                HAL_TIM_PWM_MspInit
 .text.TIM_Base_SetConfig
                0x0000000008002868       0xd0 build/stm32f3xx_hal_tim.o
                0x0000000008002868                TIM_Base_SetConfig
 .text.HAL_TIM_Base_Init
                0x0000000008002938       0x34 build/stm32f3xx_hal_tim.o
                0x0000000008002938                HAL_TIM_Base_Init
 .text.HAL_TIM_PWM_Init
                0x000000000800296c       0x34 build/stm32f3xx_hal_tim.o
                0x000000000800296c                HAL_TIM_PWM_Init
 .text.TIM_OC1_SetConfig
                0x00000000080029a0       0xac build/stm32f3xx_hal_tim.o
                0x00000000080029a0                TIM_OC1_SetConfig
 .text.TIM_OC2_SetConfig
                0x0000000008002a4c       0x9c build/stm32f3xx_hal_tim.o
                0x0000000008002a4c                TIM_OC2_SetConfig
 .text.TIM_OC3_SetConfig
                0x0000000008002ae8       0x9c build/stm32f3xx_hal_tim.o
                0x0000000008002ae8                TIM_OC3_SetConfig
 .text.TIM_OC4_SetConfig
                0x0000000008002b84       0x74 build/stm32f3xx_hal_tim.o
                0x0000000008002b84                TIM_OC4_SetConfig
 .text.TIM_ETR_SetConfig
                0x0000000008002bf8       0x18 build/stm32f3xx_hal_tim.o
                0x0000000008002bf8                TIM_ETR_SetConfig
 .text.HAL_TIM_ConfigClockSource
                0x0000000008002c10      0x118 build/stm32f3xx_hal_tim.o
                0x0000000008002c10                HAL_TIM_ConfigClockSource
 .text.TIM_CCxChannelCmd
                0x0000000008002d28       0x1e build/stm32f3xx_hal_tim.o
                0x0000000008002d28                TIM_CCxChannelCmd
 *fill*         0x0000000008002d46        0x2 
 .text.HAL_TIM_PWM_Start
                0x0000000008002d48       0x58 build/stm32f3xx_hal_tim.o
                0x0000000008002d48                HAL_TIM_PWM_Start
 .text.TIM_OC5_SetConfig
                0x0000000008002da0       0x70 build/stm32f3xx_hal_tim_ex.o
 .text.TIM_OC6_SetConfig
                0x0000000008002e10       0x74 build/stm32f3xx_hal_tim_ex.o
 .text.HAL_TIM_PWM_ConfigChannel
                0x0000000008002e84      0x134 build/stm32f3xx_hal_tim_ex.o
                0x0000000008002e84                HAL_TIM_PWM_ConfigChannel
 .text.HAL_TIMEx_MasterConfigSynchronization
                0x0000000008002fb8       0x60 build/stm32f3xx_hal_tim_ex.o
                0x0000000008002fb8                HAL_TIMEx_MasterConfigSynchronization
 .text.HAL_TIMEx_ConfigBreakDeadTime
                0x0000000008003018       0x9c build/stm32f3xx_hal_tim_ex.o
                0x0000000008003018                HAL_TIMEx_ConfigBreakDeadTime
 .text.UART_EndRxTransfer
                0x00000000080030b4       0x1c build/stm32f3xx_hal_uart.o
 .text.HAL_UART_Transmit_IT
                0x00000000080030d0       0x4c build/stm32f3xx_hal_uart.o
                0x00000000080030d0                HAL_UART_Transmit_IT
 .text.HAL_UART_Receive_IT
                0x000000000800311c       0xae build/stm32f3xx_hal_uart.o
                0x000000000800311c                HAL_UART_Receive_IT
 .text.HAL_UART_TxCpltCallback
                0x00000000080031ca        0x2 build/stm32f3xx_hal_uart.o
                0x00000000080031ca                HAL_UART_TxCpltCallback
 .text.HAL_UART_ErrorCallback
                0x00000000080031cc        0x2 build/stm32f3xx_hal_uart.o
                0x00000000080031cc                HAL_UART_ErrorCallback
 .text.UART_DMAAbortOnError
                0x00000000080031ce       0x14 build/stm32f3xx_hal_uart.o
 *fill*         0x00000000080031e2        0x2 
 .text.UART_SetConfig
                0x00000000080031e4      0x2b0 build/stm32f3xx_hal_uart.o
                0x00000000080031e4                UART_SetConfig
 .text.UART_AdvFeatureConfig
                0x0000000008003494       0xca build/stm32f3xx_hal_uart.o
                0x0000000008003494                UART_AdvFeatureConfig
 .text.UART_WaitOnFlagUntilTimeout
                0x000000000800355e       0x62 build/stm32f3xx_hal_uart.o
                0x000000000800355e                UART_WaitOnFlagUntilTimeout
 .text.UART_CheckIdleState
                0x00000000080035c0       0x70 build/stm32f3xx_hal_uart.o
                0x00000000080035c0                UART_CheckIdleState
 .text.HAL_UART_Init
                0x0000000008003630       0x66 build/stm32f3xx_hal_uart.o
                0x0000000008003630                HAL_UART_Init
 .text.UART_Transmit_IT
                0x0000000008003696       0x6c build/stm32f3xx_hal_uart.o
                0x0000000008003696                UART_Transmit_IT
 .text.UART_EndTransmit_IT
                0x0000000008003702       0x1a build/stm32f3xx_hal_uart.o
                0x0000000008003702                UART_EndTransmit_IT
 .text.UART_Receive_IT
                0x000000000800371c       0x80 build/stm32f3xx_hal_uart.o
                0x000000000800371c                UART_Receive_IT
 .text.HAL_UART_IRQHandler
                0x000000000800379c      0x15c build/stm32f3xx_hal_uart.o
                0x000000000800379c                HAL_UART_IRQHandler
 .text.HAL_UARTEx_WakeupCallback
                0x00000000080038f8        0x2 build/stm32f3xx_hal_uart_ex.o
                0x00000000080038f8                HAL_UARTEx_WakeupCallback
 *fill*         0x00000000080038fa        0x2 
 .text.HAL_InitTick
                0x00000000080038fc       0x4c build/stm32f3xx_hal.o
                0x00000000080038fc                HAL_InitTick
 .text.HAL_Init
                0x0000000008003948       0x24 build/stm32f3xx_hal.o
                0x0000000008003948                HAL_Init
 .text.HAL_IncTick
                0x000000000800396c       0x18 build/stm32f3xx_hal.o
                0x000000000800396c                HAL_IncTick
 .text.HAL_GetTick
                0x0000000008003984        0xc build/stm32f3xx_hal.o
                0x0000000008003984                HAL_GetTick
 .text.HAL_Delay
                0x0000000008003990       0x28 build/stm32f3xx_hal.o
                0x0000000008003990                HAL_Delay
 .text.HAL_RCC_OscConfig
                0x00000000080039b8      0x608 build/stm32f3xx_hal_rcc.o
                0x00000000080039b8                HAL_RCC_OscConfig
 .text.HAL_RCC_GetSysClockFreq
                0x0000000008003fc0       0x70 build/stm32f3xx_hal_rcc.o
                0x0000000008003fc0                HAL_RCC_GetSysClockFreq
 .text.HAL_RCC_ClockConfig
                0x0000000008004030      0x1a0 build/stm32f3xx_hal_rcc.o
                0x0000000008004030                HAL_RCC_ClockConfig
 .text.HAL_RCC_GetHCLKFreq
                0x00000000080041d0        0xc build/stm32f3xx_hal_rcc.o
                0x00000000080041d0                HAL_RCC_GetHCLKFreq
 .text.HAL_RCC_GetPCLK1Freq
                0x00000000080041dc       0x2c build/stm32f3xx_hal_rcc.o
                0x00000000080041dc                HAL_RCC_GetPCLK1Freq
 .text.HAL_RCC_GetPCLK2Freq
                0x0000000008004208       0x2c build/stm32f3xx_hal_rcc.o
                0x0000000008004208                HAL_RCC_GetPCLK2Freq
 .text.HAL_RCCEx_PeriphCLKConfig
                0x0000000008004234      0x2fc build/stm32f3xx_hal_rcc_ex.o
                0x0000000008004234                HAL_RCCEx_PeriphCLKConfig
 .text.HAL_GPIO_Init
                0x0000000008004530      0x1ac build/stm32f3xx_hal_gpio.o
                0x0000000008004530                HAL_GPIO_Init
 .text.HAL_GPIO_WritePin
                0x00000000080046dc        0xa build/stm32f3xx_hal_gpio.o
                0x00000000080046dc                HAL_GPIO_WritePin
 .text.HAL_DMA_Abort_IT
                0x00000000080046e6       0x4a build/stm32f3xx_hal_dma.o
                0x00000000080046e6                HAL_DMA_Abort_IT
 .text.HAL_NVIC_SetPriorityGrouping
                0x0000000008004730       0x24 build/stm32f3xx_hal_cortex.o
                0x0000000008004730                HAL_NVIC_SetPriorityGrouping
 .text.HAL_NVIC_SetPriority
                0x0000000008004754       0x68 build/stm32f3xx_hal_cortex.o
                0x0000000008004754                HAL_NVIC_SetPriority
 .text.HAL_NVIC_EnableIRQ
                0x00000000080047bc       0x18 build/stm32f3xx_hal_cortex.o
                0x00000000080047bc                HAL_NVIC_EnableIRQ
 .text.HAL_SYSTICK_Config
                0x00000000080047d4       0x2c build/stm32f3xx_hal_cortex.o
                0x00000000080047d4                HAL_SYSTICK_Config
 .text.SystemInit
                0x0000000008004800       0x68 build/system_stm32f3xx.o
                0x0000000008004800                SystemInit
 .text.Reset_Handler
                0x0000000008004868       0x50 build/startup_stm32f303xe.o
                0x0000000008004868                Reset_Handler
 .text.Default_Handler
                0x00000000080048b8        0x2 build/startup_stm32f303xe.o
                0x00000000080048b8                TIM1_BRK_TIM15_IRQHandler
                0x00000000080048b8                TIM8_TRG_COM_IRQHandler
                0x00000000080048b8                TIM8_CC_IRQHandler
                0x00000000080048b8                SPI4_IRQHandler
                0x00000000080048b8                TIM1_CC_IRQHandler
                0x00000000080048b8                USB_HP_IRQHandler
                0x00000000080048b8                PVD_IRQHandler
                0x00000000080048b8                TAMP_STAMP_IRQHandler
                0x00000000080048b8                EXTI3_IRQHandler
                0x00000000080048b8                I2C3_ER_IRQHandler
                0x00000000080048b8                USB_HP_CAN_TX_IRQHandler
                0x00000000080048b8                EXTI0_IRQHandler
                0x00000000080048b8                I2C2_EV_IRQHandler
                0x00000000080048b8                FPU_IRQHandler
                0x00000000080048b8                TIM1_UP_TIM16_IRQHandler
                0x00000000080048b8                ADC1_2_IRQHandler
                0x00000000080048b8                SPI1_IRQHandler
                0x00000000080048b8                CAN_SCE_IRQHandler
                0x00000000080048b8                TIM6_DAC_IRQHandler
                0x00000000080048b8                TIM8_UP_IRQHandler
                0x00000000080048b8                DMA2_Channel2_IRQHandler
                0x00000000080048b8                DMA1_Channel4_IRQHandler
                0x00000000080048b8                TIM20_TRG_COM_IRQHandler
                0x00000000080048b8                USART3_IRQHandler
                0x00000000080048b8                DMA1_Channel7_IRQHandler
                0x00000000080048b8                UART5_IRQHandler
                0x00000000080048b8                ADC3_IRQHandler
                0x00000000080048b8                TIM4_IRQHandler
                0x00000000080048b8                CAN_RX1_IRQHandler
                0x00000000080048b8                DMA2_Channel1_IRQHandler
                0x00000000080048b8                I2C1_EV_IRQHandler
                0x00000000080048b8                DMA1_Channel6_IRQHandler
                0x00000000080048b8                DMA2_Channel4_IRQHandler
                0x00000000080048b8                TIM3_IRQHandler
                0x00000000080048b8                RCC_IRQHandler
                0x00000000080048b8                TIM20_UP_IRQHandler
                0x00000000080048b8                DMA1_Channel1_IRQHandler
                0x00000000080048b8                Default_Handler
                0x00000000080048b8                USBWakeUp_RMP_IRQHandler
                0x00000000080048b8                EXTI15_10_IRQHandler
                0x00000000080048b8                TIM7_IRQHandler
                0x00000000080048b8                I2C3_EV_IRQHandler
                0x00000000080048b8                EXTI9_5_IRQHandler
                0x00000000080048b8                RTC_WKUP_IRQHandler
                0x00000000080048b8                SPI2_IRQHandler
                0x00000000080048b8                USB_LP_CAN_RX0_IRQHandler
                0x00000000080048b8                DMA2_Channel5_IRQHandler
                0x00000000080048b8                DMA1_Channel5_IRQHandler
                0x00000000080048b8                USB_LP_IRQHandler
                0x00000000080048b8                EXTI4_IRQHandler
                0x00000000080048b8                TIM1_TRG_COM_TIM17_IRQHandler
                0x00000000080048b8                DMA1_Channel3_IRQHandler
                0x00000000080048b8                ADC4_IRQHandler
                0x00000000080048b8                WWDG_IRQHandler
                0x00000000080048b8                TIM2_IRQHandler
                0x00000000080048b8                COMP7_IRQHandler
                0x00000000080048b8                COMP1_2_3_IRQHandler
                0x00000000080048b8                EXTI1_IRQHandler
                0x00000000080048b8                USART2_IRQHandler
                0x00000000080048b8                COMP4_5_6_IRQHandler
                0x00000000080048b8                TIM20_BRK_IRQHandler
                0x00000000080048b8                I2C2_ER_IRQHandler
                0x00000000080048b8                DMA1_Channel2_IRQHandler
                0x00000000080048b8                TIM8_BRK_IRQHandler
                0x00000000080048b8                FLASH_IRQHandler
                0x00000000080048b8                TIM20_CC_IRQHandler
                0x00000000080048b8                USART1_IRQHandler
                0x00000000080048b8                SPI3_IRQHandler
                0x00000000080048b8                I2C1_ER_IRQHandler
                0x00000000080048b8                FMC_IRQHandler
                0x00000000080048b8                USBWakeUp_IRQHandler
                0x00000000080048b8                DMA2_Channel3_IRQHandler
                0x00000000080048b8                EXTI2_TSC_IRQHandler
                0x00000000080048b8                RTC_Alarm_IRQHandler
 *fill*         0x00000000080048ba        0x2 
 .text.__libc_init_array
                0x00000000080048bc       0x48 /Users/SophiaAA/STM32Toolchain/gcc-arm-none-eabi-8-2018-q4-major/bin/../lib/gcc/arm-none-eabi/8.2.1/../../../../arm-none-eabi/lib/thumb/v7e-m+fp/hard/libc_nano.a(lib_a-init.o)
                0x00000000080048bc                __libc_init_array
 .text.memset   0x0000000008004904       0x10 /Users/SophiaAA/STM32Toolchain/gcc-arm-none-eabi-8-2018-q4-major/bin/../lib/gcc/arm-none-eabi/8.2.1/../../../../arm-none-eabi/lib/thumb/v7e-m+fp/hard/libc_nano.a(lib_a-memset.o)
                0x0000000008004904                memset
 *(.glue_7)
 .glue_7        0x0000000008004914        0x0 linker stubs
 *(.glue_7t)
 .glue_7t       0x0000000008004914        0x0 linker stubs
 *(.eh_frame)
 .eh_frame      0x0000000008004914        0x0 /Users/SophiaAA/STM32Toolchain/gcc-arm-none-eabi-8-2018-q4-major/bin/../lib/gcc/arm-none-eabi/8.2.1/thumb/v7e-m+fp/hard/crtbegin.o
 *(.init)
 .init          0x0000000008004914        0x4 /Users/SophiaAA/STM32Toolchain/gcc-arm-none-eabi-8-2018-q4-major/bin/../lib/gcc/arm-none-eabi/8.2.1/thumb/v7e-m+fp/hard/crti.o
                0x0000000008004914                _init
 .init          0x0000000008004918        0x8 /Users/SophiaAA/STM32Toolchain/gcc-arm-none-eabi-8-2018-q4-major/bin/../lib/gcc/arm-none-eabi/8.2.1/thumb/v7e-m+fp/hard/crtn.o
 *(.fini)
 .fini          0x0000000008004920        0x4 /Users/SophiaAA/STM32Toolchain/gcc-arm-none-eabi-8-2018-q4-major/bin/../lib/gcc/arm-none-eabi/8.2.1/thumb/v7e-m+fp/hard/crti.o
                0x0000000008004920                _fini
 .fini          0x0000000008004924        0x8 /Users/SophiaAA/STM32Toolchain/gcc-arm-none-eabi-8-2018-q4-major/bin/../lib/gcc/arm-none-eabi/8.2.1/thumb/v7e-m+fp/hard/crtn.o
                0x000000000800492c                . = ALIGN (0x4)
                0x000000000800492c                _etext = .

.vfp11_veneer   0x000000000800492c        0x0
 .vfp11_veneer  0x000000000800492c        0x0 linker stubs

.v4_bx          0x000000000800492c        0x0
 .v4_bx         0x000000000800492c        0x0 linker stubs

.iplt           0x000000000800492c        0x0
 .iplt          0x000000000800492c        0x0 /Users/SophiaAA/STM32Toolchain/gcc-arm-none-eabi-8-2018-q4-major/bin/../lib/gcc/arm-none-eabi/8.2.1/thumb/v7e-m+fp/hard/crtbegin.o

.rodata         0x000000000800492c       0x38
                0x000000000800492c                . = ALIGN (0x4)
 *(.rodata)
 *(.rodata*)
 .rodata.aPLLMULFactorTable
                0x000000000800492c       0x10 build/stm32f3xx_hal_rcc.o
                0x000000000800492c                aPLLMULFactorTable
 .rodata.aPredivFactorTable
                0x000000000800493c       0x10 build/stm32f3xx_hal_rcc.o
                0x000000000800493c                aPredivFactorTable
 .rodata.AHBPrescTable
                0x000000000800494c       0x10 build/system_stm32f3xx.o
                0x000000000800494c                AHBPrescTable
 .rodata.APBPrescTable
                0x000000000800495c        0x8 build/system_stm32f3xx.o
                0x000000000800495c                APBPrescTable
                0x0000000008004964                . = ALIGN (0x4)

.ARM.extab
 *(.ARM.extab* .gnu.linkonce.armextab.*)

.ARM            0x0000000008004964        0x8
                0x0000000008004964                __exidx_start = .
 *(.ARM.exidx*)
 .ARM.exidx     0x0000000008004964        0x8 /Users/SophiaAA/STM32Toolchain/gcc-arm-none-eabi-8-2018-q4-major/bin/../lib/gcc/arm-none-eabi/8.2.1/thumb/v7e-m+fp/hard/libgcc.a(_udivmoddi4.o)
                0x000000000800496c                __exidx_end = .

.rel.dyn        0x000000000800496c        0x0
 .rel.iplt      0x000000000800496c        0x0 /Users/SophiaAA/STM32Toolchain/gcc-arm-none-eabi-8-2018-q4-major/bin/../lib/gcc/arm-none-eabi/8.2.1/thumb/v7e-m+fp/hard/crtbegin.o

.preinit_array  0x000000000800496c        0x0
                0x000000000800496c                PROVIDE (__preinit_array_start = .)
 *(.preinit_array*)
                0x000000000800496c                PROVIDE (__preinit_array_end = .)

.init_array     0x000000000800496c        0x4
                0x000000000800496c                PROVIDE (__init_array_start = .)
 *(SORT_BY_NAME(.init_array.*))
 *(.init_array*)
 .init_array    0x000000000800496c        0x4 /Users/SophiaAA/STM32Toolchain/gcc-arm-none-eabi-8-2018-q4-major/bin/../lib/gcc/arm-none-eabi/8.2.1/thumb/v7e-m+fp/hard/crtbegin.o
                0x0000000008004970                PROVIDE (__init_array_end = .)

.fini_array     0x0000000008004970        0x4
                [!provide]                        PROVIDE (__fini_array_start = .)
 *(SORT_BY_NAME(.fini_array.*))
 *(.fini_array*)
 .fini_array    0x0000000008004970        0x4 /Users/SophiaAA/STM32Toolchain/gcc-arm-none-eabi-8-2018-q4-major/bin/../lib/gcc/arm-none-eabi/8.2.1/thumb/v7e-m+fp/hard/crtbegin.o
                [!provide]                        PROVIDE (__fini_array_end = .)
                0x0000000008004974                _sidata = LOADADDR (.data)

.data           0x0000000020000000       0x28 load address 0x0000000008004974
                0x0000000020000000                . = ALIGN (0x4)
                0x0000000020000000                _sdata = .
 *(.data)
 *(.data*)
 .data.col_max  0x0000000020000000        0x2 build/main.o
                0x0000000020000000                col_max
 *fill*         0x0000000020000002        0x2 
 .data.end      0x0000000020000004        0x4 build/main.o
                0x0000000020000004                end
 .data.row_max  0x0000000020000008        0x2 build/main.o
                0x0000000020000008                row_max
 *fill*         0x000000002000000a        0x2 
 .data.tempPd   0x000000002000000c        0x4 build/main.o
                0x000000002000000c                tempPd
 .data.tempPir  0x0000000020000010        0x4 build/main.o
                0x0000000020000010                tempPir
 .data.tempPkr  0x0000000020000014        0x4 build/main.o
                0x0000000020000014                tempPkr
 .data.tol      0x0000000020000018        0x2 build/main.o
                0x0000000020000018                tol
 .data.vreg     0x000000002000001a        0x2 build/main.o
                0x000000002000001a                vreg
 .data.uwTickFreq
                0x000000002000001c        0x1 build/stm32f3xx_hal.o
                0x000000002000001c                uwTickFreq
 *fill*         0x000000002000001d        0x3 
 .data.uwTickPrio
                0x0000000020000020        0x4 build/stm32f3xx_hal.o
                0x0000000020000020                uwTickPrio
 .data.SystemCoreClock
                0x0000000020000024        0x4 build/system_stm32f3xx.o
                0x0000000020000024                SystemCoreClock
                0x0000000020000028                . = ALIGN (0x4)
                0x0000000020000028                _edata = .
                0x000000000800499c                _siccmram = LOADADDR (.ccmram)

.igot.plt       0x0000000020000028        0x0 load address 0x000000000800499c
 .igot.plt      0x0000000020000028        0x0 /Users/SophiaAA/STM32Toolchain/gcc-arm-none-eabi-8-2018-q4-major/bin/../lib/gcc/arm-none-eabi/8.2.1/thumb/v7e-m+fp/hard/crtbegin.o

.ccmram         0x0000000010000000        0x0 load address 0x000000000800499c
                0x0000000010000000                . = ALIGN (0x4)
                0x0000000010000000                _sccmram = .
 *(.ccmram)
 *(.ccmram*)
                0x0000000010000000                . = ALIGN (0x4)
                0x0000000010000000                _eccmram = .
                0x0000000010000000                . = ALIGN (0x4)

.bss            0x0000000020000028      0x9dc
                0x0000000020000028                _sbss = .
                0x0000000020000028                __bss_start__ = _sbss
 *(.bss)
 .bss           0x0000000020000028       0x1c /Users/SophiaAA/STM32Toolchain/gcc-arm-none-eabi-8-2018-q4-major/bin/../lib/gcc/arm-none-eabi/8.2.1/thumb/v7e-m+fp/hard/crtbegin.o
 *(.bss*)
 .bss.btrx      0x0000000020000044        0x1 build/main.o
                0x0000000020000044                btrx
 *fill*         0x0000000020000045        0x3 
 .bss.buffrx    0x0000000020000048        0x1 build/main.o
                0x0000000020000048                buffrx
 *fill*         0x0000000020000049        0x3 
 .bss.bufftx    0x000000002000004c        0x1 build/main.o
                0x000000002000004c                bufftx
 *fill*         0x000000002000004d        0x3 
 .bss.col_now   0x0000000020000050        0x4 build/main.o
                0x0000000020000050                col_now
 .bss.count     0x0000000020000054        0x4 build/main.o
                0x0000000020000054                count
 .bss.count2    0x0000000020000058        0x4 build/main.o
                0x0000000020000058                count2
 .bss.count_pxon
                0x000000002000005c        0x4 build/main.o
                0x000000002000005c                count_pxon
 .bss.ctr_hi    0x0000000020000060        0x4 build/main.o
                0x0000000020000060                ctr_hi
 .bss.ctr_low   0x0000000020000064        0x4 build/main.o
                0x0000000020000064                ctr_low
 .bss.ctr_op    0x0000000020000068        0x4 build/main.o
                0x0000000020000068                ctr_op
 .bss.master_rx
                0x000000002000006c        0x2 build/main.o
                0x000000002000006c                master_rx
 *fill*         0x000000002000006e        0x2 
 .bss.master_tx
                0x0000000020000070        0x2 build/main.o
                0x0000000020000070                master_tx
 *fill*         0x0000000020000072        0x2 
 .bss.n_frame   0x0000000020000074        0x4 build/main.o
                0x0000000020000074                n_frame
 .bss.n_pixel_temp
                0x0000000020000078        0x4 build/main.o
                0x0000000020000078                n_pixel_temp
 .bss.nframe    0x000000002000007c        0x4 build/main.o
                0x000000002000007c                nframe
 .bss.pid_true  0x0000000020000080        0x4 build/main.o
                0x0000000020000080                pid_true
 .bss.read      0x0000000020000084        0x4 build/main.o
                0x0000000020000084                read
 .bss.row_now   0x0000000020000088        0x4 build/main.o
                0x0000000020000088                row_now
 .bss.tempD     0x000000002000008c        0x4 build/main.o
                0x000000002000008c                tempD
 .bss.tempI     0x0000000020000090        0x4 build/main.o
                0x0000000020000090                tempI
 .bss.tempP     0x0000000020000094        0x4 build/main.o
                0x0000000020000094                tempP
 .bss.temp_avg  0x0000000020000098        0x8 build/main.o
                0x0000000020000098                temp_avg
 .bss.temp_avg_init
                0x00000000200000a0        0x8 build/main.o
                0x00000000200000a0                temp_avg_init
 .bss.tempavg   0x00000000200000a8        0x4 build/main.o
                0x00000000200000a8                tempavg
 .bss.tempdac   0x00000000200000ac        0x4 build/main.o
                0x00000000200000ac                tempdac
 .bss.temperr   0x00000000200000b0        0x4 build/main.o
                0x00000000200000b0                temperr
 *fill*         0x00000000200000b4        0x4 
 .bss.temperr_prev
                0x00000000200000b8        0x8 build/main.o
                0x00000000200000b8                temperr_prev
 .bss.temperr_prevD
                0x00000000200000c0        0x8 build/main.o
                0x00000000200000c0                temperr_prevD
 .bss.tempref_dyn
                0x00000000200000c8        0x4 build/main.o
                0x00000000200000c8                tempref_dyn
 .bss.tmp       0x00000000200000cc        0x4 build/main.o
                0x00000000200000cc                tmp
 .bss.ttn_cmd   0x00000000200000d0        0x4 build/main.o
                0x00000000200000d0                ttn_cmd
 .bss.vs        0x00000000200000d4        0x4 build/main.o
                0x00000000200000d4                vs
 *(COMMON)
 COMMON         0x00000000200000d8      0x928 build/main.o
                0x00000000200000d8                hspi2
                0x000000002000013c                tempfootprint
                0x00000000200008f4                hi2c1
                0x0000000020000940                tau63
                0x0000000020000948                htim1
                0x0000000020000988                vref
                0x000000002000098c                huart4
                0x00000000200009fc                step
 COMMON         0x0000000020000a00        0x4 build/stm32f3xx_hal.o
                0x0000000020000a00                uwTick
                0x0000000020000a04                . = ALIGN (0x4)
                0x0000000020000a04                _ebss = .
                0x0000000020000a04                __bss_end__ = _ebss

._user_heap_stack
                0x0000000020000a04      0x604
                0x0000000020000a08                . = ALIGN (0x8)
 *fill*         0x0000000020000a04        0x4 
                [!provide]                        PROVIDE (end = .)
                [!provide]                        PROVIDE (_end = .)
                0x0000000020000c08                . = (. + _Min_Heap_Size)
 *fill*         0x0000000020000a08      0x200 
                0x0000000020001008                . = (. + _Min_Stack_Size)
 *fill*         0x0000000020000c08      0x400 
                0x0000000020001008                . = ALIGN (0x8)

/DISCARD/
 libc.a(*)
 libm.a(*)
 libgcc.a(*)

.ARM.attributes
                0x0000000000000000       0x30
 *(.ARM.attributes)
 .ARM.attributes
                0x0000000000000000       0x1e /Users/SophiaAA/STM32Toolchain/gcc-arm-none-eabi-8-2018-q4-major/bin/../lib/gcc/arm-none-eabi/8.2.1/thumb/v7e-m+fp/hard/crti.o
 .ARM.attributes
                0x000000000000001e       0x34 /Users/SophiaAA/STM32Toolchain/gcc-arm-none-eabi-8-2018-q4-major/bin/../lib/gcc/arm-none-eabi/8.2.1/thumb/v7e-m+fp/hard/crtbegin.o
 .ARM.attributes
                0x0000000000000052       0x34 build/main.o
 .ARM.attributes
                0x0000000000000086       0x34 build/stm32f3xx_it.o
 .ARM.attributes
                0x00000000000000ba       0x34 build/stm32f3xx_hal_msp.o
 .ARM.attributes
                0x00000000000000ee       0x34 build/stm32f3xx_hal_i2c.o
 .ARM.attributes
                0x0000000000000122       0x34 build/stm32f3xx_hal_i2c_ex.o
 .ARM.attributes
                0x0000000000000156       0x34 build/stm32f3xx_hal_spi.o
 .ARM.attributes
                0x000000000000018a       0x34 build/stm32f3xx_hal_tim.o
 .ARM.attributes
                0x00000000000001be       0x34 build/stm32f3xx_hal_tim_ex.o
 .ARM.attributes
                0x00000000000001f2       0x34 build/stm32f3xx_hal_uart.o
 .ARM.attributes
                0x0000000000000226       0x34 build/stm32f3xx_hal_uart_ex.o
 .ARM.attributes
                0x000000000000025a       0x34 build/stm32f3xx_hal.o
 .ARM.attributes
                0x000000000000028e       0x34 build/stm32f3xx_hal_rcc.o
 .ARM.attributes
                0x00000000000002c2       0x34 build/stm32f3xx_hal_rcc_ex.o
 .ARM.attributes
                0x00000000000002f6       0x34 build/stm32f3xx_hal_gpio.o
 .ARM.attributes
                0x000000000000032a       0x34 build/stm32f3xx_hal_dma.o
 .ARM.attributes
                0x000000000000035e       0x34 build/stm32f3xx_hal_cortex.o
 .ARM.attributes
                0x0000000000000392       0x34 build/system_stm32f3xx.o
 .ARM.attributes
                0x00000000000003c6       0x21 build/startup_stm32f303xe.o
 .ARM.attributes
                0x00000000000003e7       0x34 /Users/SophiaAA/STM32Toolchain/gcc-arm-none-eabi-8-2018-q4-major/bin/../lib/gcc/arm-none-eabi/8.2.1/../../../../arm-none-eabi/lib/thumb/v7e-m+fp/hard/libc_nano.a(lib_a-init.o)
 .ARM.attributes
                0x000000000000041b       0x34 /Users/SophiaAA/STM32Toolchain/gcc-arm-none-eabi-8-2018-q4-major/bin/../lib/gcc/arm-none-eabi/8.2.1/../../../../arm-none-eabi/lib/thumb/v7e-m+fp/hard/libc_nano.a(lib_a-memset.o)
 .ARM.attributes
                0x000000000000044f       0x1e /Users/SophiaAA/STM32Toolchain/gcc-arm-none-eabi-8-2018-q4-major/bin/../lib/gcc/arm-none-eabi/8.2.1/thumb/v7e-m+fp/hard/libgcc.a(_arm_addsubdf3.o)
 .ARM.attributes
                0x000000000000046d       0x1e /Users/SophiaAA/STM32Toolchain/gcc-arm-none-eabi-8-2018-q4-major/bin/../lib/gcc/arm-none-eabi/8.2.1/thumb/v7e-m+fp/hard/libgcc.a(_arm_muldivdf3.o)
 .ARM.attributes
                0x000000000000048b       0x1e /Users/SophiaAA/STM32Toolchain/gcc-arm-none-eabi-8-2018-q4-major/bin/../lib/gcc/arm-none-eabi/8.2.1/thumb/v7e-m+fp/hard/libgcc.a(_arm_fixdfsi.o)
 .ARM.attributes
                0x00000000000004a9       0x1e /Users/SophiaAA/STM32Toolchain/gcc-arm-none-eabi-8-2018-q4-major/bin/../lib/gcc/arm-none-eabi/8.2.1/thumb/v7e-m+fp/hard/libgcc.a(_arm_fixunsdfsi.o)
 .ARM.attributes
                0x00000000000004c7       0x1e /Users/SophiaAA/STM32Toolchain/gcc-arm-none-eabi-8-2018-q4-major/bin/../lib/gcc/arm-none-eabi/8.2.1/thumb/v7e-m+fp/hard/libgcc.a(_aeabi_ldivmod.o)
 .ARM.attributes
                0x00000000000004e5       0x34 /Users/SophiaAA/STM32Toolchain/gcc-arm-none-eabi-8-2018-q4-major/bin/../lib/gcc/arm-none-eabi/8.2.1/thumb/v7e-m+fp/hard/libgcc.a(_udivmoddi4.o)
 .ARM.attributes
                0x0000000000000519       0x1e /Users/SophiaAA/STM32Toolchain/gcc-arm-none-eabi-8-2018-q4-major/bin/../lib/gcc/arm-none-eabi/8.2.1/thumb/v7e-m+fp/hard/libgcc.a(_dvmd_tls.o)
 .ARM.attributes
                0x0000000000000537       0x1e /Users/SophiaAA/STM32Toolchain/gcc-arm-none-eabi-8-2018-q4-major/bin/../lib/gcc/arm-none-eabi/8.2.1/thumb/v7e-m+fp/hard/crtn.o
OUTPUT(build/PXE.elf elf32-littlearm)

.debug_info     0x0000000000000000    0x22c04
 .debug_info    0x0000000000000000     0x3718 build/main.o
 .debug_info    0x0000000000003718     0x1241 build/stm32f3xx_it.o
 .debug_info    0x0000000000004959     0x22fd build/stm32f3xx_hal_msp.o
 .debug_info    0x0000000000006c56     0x4257 build/stm32f3xx_hal_i2c.o
 .debug_info    0x000000000000aead     0x14ad build/stm32f3xx_hal_i2c_ex.o
 .debug_info    0x000000000000c35a     0x2c03 build/stm32f3xx_hal_spi.o
 .debug_info    0x000000000000ef5d     0x41b9 build/stm32f3xx_hal_tim.o
 .debug_info    0x0000000000013116     0x2475 build/stm32f3xx_hal_tim_ex.o
 .debug_info    0x000000000001558b     0x2826 build/stm32f3xx_hal_uart.o
 .debug_info    0x0000000000017db1     0x1488 build/stm32f3xx_hal_uart_ex.o
 .debug_info    0x0000000000019239     0x135e build/stm32f3xx_hal.o
 .debug_info    0x000000000001a597     0x2306 build/stm32f3xx_hal_rcc.o
 .debug_info    0x000000000001c89d     0x134f build/stm32f3xx_hal_rcc_ex.o
 .debug_info    0x000000000001dbec     0x12aa build/stm32f3xx_hal_gpio.o
 .debug_info    0x000000000001ee96     0x1374 build/stm32f3xx_hal_dma.o
 .debug_info    0x000000000002020a     0x1b4d build/stm32f3xx_hal_cortex.o
 .debug_info    0x0000000000021d57      0xe8b build/system_stm32f3xx.o
 .debug_info    0x0000000000022be2       0x22 build/startup_stm32f303xe.o

.debug_abbrev   0x0000000000000000     0x3605
 .debug_abbrev  0x0000000000000000      0x37b build/main.o
 .debug_abbrev  0x000000000000037b      0x21e build/stm32f3xx_it.o
 .debug_abbrev  0x0000000000000599      0x2f1 build/stm32f3xx_hal_msp.o
 .debug_abbrev  0x000000000000088a      0x376 build/stm32f3xx_hal_i2c.o
 .debug_abbrev  0x0000000000000c00      0x2a4 build/stm32f3xx_hal_i2c_ex.o
 .debug_abbrev  0x0000000000000ea4      0x342 build/stm32f3xx_hal_spi.o
 .debug_abbrev  0x00000000000011e6      0x360 build/stm32f3xx_hal_tim.o
 .debug_abbrev  0x0000000000001546      0x346 build/stm32f3xx_hal_tim_ex.o
 .debug_abbrev  0x000000000000188c      0x358 build/stm32f3xx_hal_uart.o
 .debug_abbrev  0x0000000000001be4      0x2ec build/stm32f3xx_hal_uart_ex.o
 .debug_abbrev  0x0000000000001ed0      0x308 build/stm32f3xx_hal.o
 .debug_abbrev  0x00000000000021d8      0x3eb build/stm32f3xx_hal_rcc.o
 .debug_abbrev  0x00000000000025c3      0x385 build/stm32f3xx_hal_rcc_ex.o
 .debug_abbrev  0x0000000000002948      0x30a build/stm32f3xx_hal_gpio.o
 .debug_abbrev  0x0000000000002c52      0x327 build/stm32f3xx_hal_dma.o
 .debug_abbrev  0x0000000000002f79      0x444 build/stm32f3xx_hal_cortex.o
 .debug_abbrev  0x00000000000033bd      0x236 build/system_stm32f3xx.o
 .debug_abbrev  0x00000000000035f3       0x12 build/startup_stm32f303xe.o

.debug_loc      0x0000000000000000    0x1488e
 .debug_loc     0x0000000000000000      0x6a9 build/main.o
 .debug_loc     0x00000000000006a9       0x40 build/stm32f3xx_it.o
 .debug_loc     0x00000000000006e9      0x396 build/stm32f3xx_hal_msp.o
 .debug_loc     0x0000000000000a7f     0x4ca5 build/stm32f3xx_hal_i2c.o
 .debug_loc     0x0000000000005724      0x2a7 build/stm32f3xx_hal_i2c_ex.o
 .debug_loc     0x00000000000059cb     0x2838 build/stm32f3xx_hal_spi.o
 .debug_loc     0x0000000000008203     0x4b95 build/stm32f3xx_hal_tim.o
 .debug_loc     0x000000000000cd98     0x220a build/stm32f3xx_hal_tim_ex.o
 .debug_loc     0x000000000000efa2     0x1eb6 build/stm32f3xx_hal_uart.o
 .debug_loc     0x0000000000010e58      0x3dc build/stm32f3xx_hal_uart_ex.o
 .debug_loc     0x0000000000011234      0x1cc build/stm32f3xx_hal.o
 .debug_loc     0x0000000000011400      0xf1f build/stm32f3xx_hal_rcc.o
 .debug_loc     0x000000000001231f      0xdda build/stm32f3xx_hal_rcc_ex.o
 .debug_loc     0x00000000000130f9      0x4c3 build/stm32f3xx_hal_gpio.o
 .debug_loc     0x00000000000135bc      0xa1e build/stm32f3xx_hal_dma.o
 .debug_loc     0x0000000000013fda      0x790 build/stm32f3xx_hal_cortex.o
 .debug_loc     0x000000000001476a      0x124 build/system_stm32f3xx.o

.debug_aranges  0x0000000000000000     0x10a0
 .debug_aranges
                0x0000000000000000       0xb0 build/main.o
 .debug_aranges
                0x00000000000000b0       0x68 build/stm32f3xx_it.o
 .debug_aranges
                0x0000000000000118       0x68 build/stm32f3xx_hal_msp.o
 .debug_aranges
                0x0000000000000180      0x260 build/stm32f3xx_hal_i2c.o
 .debug_aranges
                0x00000000000003e0       0x48 build/stm32f3xx_hal_i2c_ex.o
 .debug_aranges
                0x0000000000000428      0x1d8 build/stm32f3xx_hal_spi.o
 .debug_aranges
                0x0000000000000600      0x378 build/stm32f3xx_hal_tim.o
 .debug_aranges
                0x0000000000000978      0x178 build/stm32f3xx_hal_tim_ex.o
 .debug_aranges
                0x0000000000000af0      0x1f0 build/stm32f3xx_hal_uart.o
 .debug_aranges
                0x0000000000000ce0       0x48 build/stm32f3xx_hal_uart_ex.o
 .debug_aranges
                0x0000000000000d28       0xe0 build/stm32f3xx_hal.o
 .debug_aranges
                0x0000000000000e08       0x88 build/stm32f3xx_hal_rcc.o
 .debug_aranges
                0x0000000000000e90       0x38 build/stm32f3xx_hal_rcc_ex.o
 .debug_aranges
                0x0000000000000ec8       0x58 build/stm32f3xx_hal_gpio.o
 .debug_aranges
                0x0000000000000f20       0x88 build/stm32f3xx_hal_dma.o
 .debug_aranges
                0x0000000000000fa8       0xa8 build/stm32f3xx_hal_cortex.o
 .debug_aranges
                0x0000000000001050       0x28 build/system_stm32f3xx.o
 .debug_aranges
                0x0000000000001078       0x28 build/startup_stm32f303xe.o

.debug_ranges   0x0000000000000000     0x1038
 .debug_ranges  0x0000000000000000       0xd0 build/main.o
 .debug_ranges  0x00000000000000d0       0x58 build/stm32f3xx_it.o
 .debug_ranges  0x0000000000000128       0x58 build/stm32f3xx_hal_msp.o
 .debug_ranges  0x0000000000000180      0x250 build/stm32f3xx_hal_i2c.o
 .debug_ranges  0x00000000000003d0       0x38 build/stm32f3xx_hal_i2c_ex.o
 .debug_ranges  0x0000000000000408      0x1c8 build/stm32f3xx_hal_spi.o
 .debug_ranges  0x00000000000005d0      0x368 build/stm32f3xx_hal_tim.o
 .debug_ranges  0x0000000000000938      0x168 build/stm32f3xx_hal_tim_ex.o
 .debug_ranges  0x0000000000000aa0      0x1e0 build/stm32f3xx_hal_uart.o
 .debug_ranges  0x0000000000000c80       0x38 build/stm32f3xx_hal_uart_ex.o
 .debug_ranges  0x0000000000000cb8       0xd0 build/stm32f3xx_hal.o
 .debug_ranges  0x0000000000000d88       0x98 build/stm32f3xx_hal_rcc.o
 .debug_ranges  0x0000000000000e20       0x40 build/stm32f3xx_hal_rcc_ex.o
 .debug_ranges  0x0000000000000e60       0x48 build/stm32f3xx_hal_gpio.o
 .debug_ranges  0x0000000000000ea8       0x78 build/stm32f3xx_hal_dma.o
 .debug_ranges  0x0000000000000f20       0xe0 build/stm32f3xx_hal_cortex.o
 .debug_ranges  0x0000000000001000       0x18 build/system_stm32f3xx.o
 .debug_ranges  0x0000000000001018       0x20 build/startup_stm32f303xe.o

.debug_line     0x0000000000000000    0x131de
 .debug_line    0x0000000000000000     0x1449 build/main.o
 .debug_line    0x0000000000001449      0x385 build/stm32f3xx_it.o
 .debug_line    0x00000000000017ce      0x59f build/stm32f3xx_hal_msp.o
 .debug_line    0x0000000000001d6d     0x3a58 build/stm32f3xx_hal_i2c.o
 .debug_line    0x00000000000057c5      0x5ae build/stm32f3xx_hal_i2c_ex.o
 .debug_line    0x0000000000005d73     0x26f6 build/stm32f3xx_hal_spi.o
 .debug_line    0x0000000000008469     0x314c build/stm32f3xx_hal_tim.o
 .debug_line    0x000000000000b5b5     0x159d build/stm32f3xx_hal_tim_ex.o
 .debug_line    0x000000000000cb52     0x1db2 build/stm32f3xx_hal_uart.o
 .debug_line    0x000000000000e904      0x4f7 build/stm32f3xx_hal_uart_ex.o
 .debug_line    0x000000000000edfb      0x5ae build/stm32f3xx_hal.o
 .debug_line    0x000000000000f3a9     0x11d9 build/stm32f3xx_hal_rcc.o
 .debug_line    0x0000000000010582      0xebf build/stm32f3xx_hal_rcc_ex.o
 .debug_line    0x0000000000011441      0x789 build/stm32f3xx_hal_gpio.o
 .debug_line    0x0000000000011bca      0xa95 build/stm32f3xx_hal_dma.o
 .debug_line    0x000000000001265f      0x7a7 build/stm32f3xx_hal_cortex.o
 .debug_line    0x0000000000012e06      0x364 build/system_stm32f3xx.o
 .debug_line    0x000000000001316a       0x74 build/startup_stm32f303xe.o

.debug_str      0x0000000000000000     0x527b
 .debug_str     0x0000000000000000     0x1a4e build/main.o
                                       0x1b94 (size before relaxing)
 .debug_str     0x0000000000001a4e       0xd4 build/stm32f3xx_it.o
                                        0xb98 (size before relaxing)
 .debug_str     0x0000000000001b22      0x5ba build/stm32f3xx_hal_msp.o
                                       0x17b6 (size before relaxing)
 .debug_str     0x00000000000020dc      0x7bb build/stm32f3xx_hal_i2c.o
                                       0x1331 (size before relaxing)
 .debug_str     0x0000000000002897      0x149 build/stm32f3xx_hal_i2c_ex.o
                                        0xd21 (size before relaxing)
 .debug_str     0x00000000000029e0      0x4e8 build/stm32f3xx_hal_spi.o
                                       0x1022 (size before relaxing)
 .debug_str     0x0000000000002ec8      0xc5b build/stm32f3xx_hal_tim.o
                                       0x1879 (size before relaxing)
 .debug_str     0x0000000000003b23      0x441 build/stm32f3xx_hal_tim_ex.o
                                       0x12b4 (size before relaxing)
 .debug_str     0x0000000000003f64      0x657 build/stm32f3xx_hal_uart.o
                                       0x12f1 (size before relaxing)
 .debug_str     0x00000000000045bb       0xea build/stm32f3xx_hal_uart_ex.o
                                        0xcf5 (size before relaxing)
 .debug_str     0x00000000000046a5      0x259 build/stm32f3xx_hal.o
                                        0xe3f (size before relaxing)
 .debug_str     0x00000000000048fe      0x18f build/stm32f3xx_hal_rcc.o
                                        0xad4 (size before relaxing)
 .debug_str     0x0000000000004a8d       0xc5 build/stm32f3xx_hal_rcc_ex.o
                                        0xa68 (size before relaxing)
 .debug_str     0x0000000000004b52      0x10f build/stm32f3xx_hal_gpio.o
                                        0x975 (size before relaxing)
 .debug_str     0x0000000000004c61      0x20a build/stm32f3xx_hal_dma.o
                                        0xae4 (size before relaxing)
 .debug_str     0x0000000000004e6b      0x39e build/stm32f3xx_hal_cortex.o
                                       0x105d (size before relaxing)
 .debug_str     0x0000000000005209       0x4d build/system_stm32f3xx.o
                                        0x759 (size before relaxing)
 .debug_str     0x0000000000005256       0x25 build/startup_stm32f303xe.o
                                         0x50 (size before relaxing)

.comment        0x0000000000000000       0x75
 .comment       0x0000000000000000       0x75 build/main.o
                                         0x76 (size before relaxing)
 .comment       0x0000000000000075       0x76 build/stm32f3xx_it.o
 .comment       0x0000000000000075       0x76 build/stm32f3xx_hal_msp.o
 .comment       0x0000000000000075       0x76 build/stm32f3xx_hal_i2c.o
 .comment       0x0000000000000075       0x76 build/stm32f3xx_hal_i2c_ex.o
 .comment       0x0000000000000075       0x76 build/stm32f3xx_hal_spi.o
 .comment       0x0000000000000075       0x76 build/stm32f3xx_hal_tim.o
 .comment       0x0000000000000075       0x76 build/stm32f3xx_hal_tim_ex.o
 .comment       0x0000000000000075       0x76 build/stm32f3xx_hal_uart.o
 .comment       0x0000000000000075       0x76 build/stm32f3xx_hal_uart_ex.o
 .comment       0x0000000000000075       0x76 build/stm32f3xx_hal.o
 .comment       0x0000000000000075       0x76 build/stm32f3xx_hal_rcc.o
 .comment       0x0000000000000075       0x76 build/stm32f3xx_hal_rcc_ex.o
 .comment       0x0000000000000075       0x76 build/stm32f3xx_hal_gpio.o
 .comment       0x0000000000000075       0x76 build/stm32f3xx_hal_dma.o
 .comment       0x0000000000000075       0x76 build/stm32f3xx_hal_cortex.o
 .comment       0x0000000000000075       0x76 build/system_stm32f3xx.o

.debug_frame    0x0000000000000000     0x35e8
 .debug_frame   0x0000000000000000      0x254 build/main.o
 .debug_frame   0x0000000000000254       0xc8 build/stm32f3xx_it.o
 .debug_frame   0x000000000000031c      0x128 build/stm32f3xx_hal_msp.o
 .debug_frame   0x0000000000000444      0x978 build/stm32f3xx_hal_i2c.o
 .debug_frame   0x0000000000000dbc       0x98 build/stm32f3xx_hal_i2c_ex.o
 .debug_frame   0x0000000000000e54      0x668 build/stm32f3xx_hal_spi.o
 .debug_frame   0x00000000000014bc      0xb54 build/stm32f3xx_hal_tim.o
 .debug_frame   0x0000000000002010      0x4dc build/stm32f3xx_hal_tim_ex.o
 .debug_frame   0x00000000000024ec      0x5f8 build/stm32f3xx_hal_uart.o
 .debug_frame   0x0000000000002ae4       0xb8 build/stm32f3xx_hal_uart_ex.o
 .debug_frame   0x0000000000002b9c      0x1e0 build/stm32f3xx_hal.o
 .debug_frame   0x0000000000002d7c      0x1a0 build/stm32f3xx_hal_rcc.o
 .debug_frame   0x0000000000002f1c       0x8c build/stm32f3xx_hal_rcc_ex.o
 .debug_frame   0x0000000000002fa8      0x10c build/stm32f3xx_hal_gpio.o
 .debug_frame   0x00000000000030b4      0x190 build/stm32f3xx_hal_dma.o
 .debug_frame   0x0000000000003244      0x16c build/stm32f3xx_hal_cortex.o
 .debug_frame   0x00000000000033b0       0x30 build/system_stm32f3xx.o
 .debug_frame   0x00000000000033e0       0x2c /Users/SophiaAA/STM32Toolchain/gcc-arm-none-eabi-8-2018-q4-major/bin/../lib/gcc/arm-none-eabi/8.2.1/../../../../arm-none-eabi/lib/thumb/v7e-m+fp/hard/libc_nano.a(lib_a-init.o)
 .debug_frame   0x000000000000340c       0x20 /Users/SophiaAA/STM32Toolchain/gcc-arm-none-eabi-8-2018-q4-major/bin/../lib/gcc/arm-none-eabi/8.2.1/../../../../arm-none-eabi/lib/thumb/v7e-m+fp/hard/libc_nano.a(lib_a-memset.o)
 .debug_frame   0x000000000000342c       0xac /Users/SophiaAA/STM32Toolchain/gcc-arm-none-eabi-8-2018-q4-major/bin/../lib/gcc/arm-none-eabi/8.2.1/thumb/v7e-m+fp/hard/libgcc.a(_arm_addsubdf3.o)
 .debug_frame   0x00000000000034d8       0x50 /Users/SophiaAA/STM32Toolchain/gcc-arm-none-eabi-8-2018-q4-major/bin/../lib/gcc/arm-none-eabi/8.2.1/thumb/v7e-m+fp/hard/libgcc.a(_arm_muldivdf3.o)
 .debug_frame   0x0000000000003528       0x24 /Users/SophiaAA/STM32Toolchain/gcc-arm-none-eabi-8-2018-q4-major/bin/../lib/gcc/arm-none-eabi/8.2.1/thumb/v7e-m+fp/hard/libgcc.a(_arm_fixdfsi.o)
 .debug_frame   0x000000000000354c       0x24 /Users/SophiaAA/STM32Toolchain/gcc-arm-none-eabi-8-2018-q4-major/bin/../lib/gcc/arm-none-eabi/8.2.1/thumb/v7e-m+fp/hard/libgcc.a(_arm_fixunsdfsi.o)
 .debug_frame   0x0000000000003570       0x44 /Users/SophiaAA/STM32Toolchain/gcc-arm-none-eabi-8-2018-q4-major/bin/../lib/gcc/arm-none-eabi/8.2.1/thumb/v7e-m+fp/hard/libgcc.a(_aeabi_ldivmod.o)
 .debug_frame   0x00000000000035b4       0x34 /Users/SophiaAA/STM32Toolchain/gcc-arm-none-eabi-8-2018-q4-major/bin/../lib/gcc/arm-none-eabi/8.2.1/thumb/v7e-m+fp/hard/libgcc.a(_udivmoddi4.o)

Cross Reference Table

Symbol                                            File
ADC1_2_IRQHandler                                 build/startup_stm32f303xe.o
ADC3_IRQHandler                                   build/startup_stm32f303xe.o
ADC4_IRQHandler                                   build/startup_stm32f303xe.o
AHBPrescTable                                     build/system_stm32f3xx.o
                                                  build/stm32f3xx_hal_rcc.o
APBPrescTable                                     build/system_stm32f3xx.o
                                                  build/stm32f3xx_hal_rcc.o
BusFault_Handler                                  build/stm32f3xx_it.o
CAN_RX1_IRQHandler                                build/startup_stm32f303xe.o
CAN_SCE_IRQHandler                                build/startup_stm32f303xe.o
COMP1_2_3_IRQHandler                              build/startup_stm32f303xe.o
COMP4_5_6_IRQHandler                              build/startup_stm32f303xe.o
COMP7_IRQHandler                                  build/startup_stm32f303xe.o
DMA1_Channel1_IRQHandler                          build/startup_stm32f303xe.o
DMA1_Channel2_IRQHandler                          build/startup_stm32f303xe.o
DMA1_Channel3_IRQHandler                          build/startup_stm32f303xe.o
DMA1_Channel4_IRQHandler                          build/startup_stm32f303xe.o
DMA1_Channel5_IRQHandler                          build/startup_stm32f303xe.o
DMA1_Channel6_IRQHandler                          build/startup_stm32f303xe.o
DMA1_Channel7_IRQHandler                          build/startup_stm32f303xe.o
DMA2_Channel1_IRQHandler                          build/startup_stm32f303xe.o
DMA2_Channel2_IRQHandler                          build/startup_stm32f303xe.o
DMA2_Channel3_IRQHandler                          build/startup_stm32f303xe.o
DMA2_Channel4_IRQHandler                          build/startup_stm32f303xe.o
DMA2_Channel5_IRQHandler                          build/startup_stm32f303xe.o
DebugMon_Handler                                  build/stm32f3xx_it.o
Default_Handler                                   build/startup_stm32f303xe.o
EXTI0_IRQHandler                                  build/startup_stm32f303xe.o
EXTI15_10_IRQHandler                              build/startup_stm32f303xe.o
EXTI1_IRQHandler                                  build/startup_stm32f303xe.o
EXTI2_TSC_IRQHandler                              build/startup_stm32f303xe.o
EXTI3_IRQHandler                                  build/startup_stm32f303xe.o
EXTI4_IRQHandler                                  build/startup_stm32f303xe.o
EXTI9_5_IRQHandler                                build/startup_stm32f303xe.o
Error_Handler                                     build/main.o
FLASH_IRQHandler                                  build/startup_stm32f303xe.o
FLASH_PageErase                                   build/stm32f3xx_hal_flash_ex.o
                                                  build/stm32f3xx_hal_flash.o
FLASH_WaitForLastOperation                        build/stm32f3xx_hal_flash.o
                                                  build/stm32f3xx_hal_flash_ex.o
FMC_IRQHandler                                    build/startup_stm32f303xe.o
FPU_IRQHandler                                    build/startup_stm32f303xe.o
HAL_DBGMCU_DisableDBGSleepMode                    build/stm32f3xx_hal.o
HAL_DBGMCU_DisableDBGStandbyMode                  build/stm32f3xx_hal.o
HAL_DBGMCU_DisableDBGStopMode                     build/stm32f3xx_hal.o
HAL_DBGMCU_EnableDBGSleepMode                     build/stm32f3xx_hal.o
HAL_DBGMCU_EnableDBGStandbyMode                   build/stm32f3xx_hal.o
HAL_DBGMCU_EnableDBGStopMode                      build/stm32f3xx_hal.o
HAL_DMA_Abort                                     build/stm32f3xx_hal_dma.o
                                                  build/stm32f3xx_hal_uart.o
                                                  build/stm32f3xx_hal_tim.o
                                                  build/stm32f3xx_hal_spi.o
HAL_DMA_Abort_IT                                  build/stm32f3xx_hal_dma.o
                                                  build/stm32f3xx_hal_uart.o
                                                  build/stm32f3xx_hal_spi.o
                                                  build/stm32f3xx_hal_i2c.o
HAL_DMA_DeInit                                    build/stm32f3xx_hal_dma.o
HAL_DMA_GetError                                  build/stm32f3xx_hal_dma.o
HAL_DMA_GetState                                  build/stm32f3xx_hal_dma.o
HAL_DMA_IRQHandler                                build/stm32f3xx_hal_dma.o
HAL_DMA_Init                                      build/stm32f3xx_hal_dma.o
HAL_DMA_PollForTransfer                           build/stm32f3xx_hal_dma.o
HAL_DMA_RegisterCallback                          build/stm32f3xx_hal_dma.o
HAL_DMA_Start                                     build/stm32f3xx_hal_dma.o
HAL_DMA_Start_IT                                  build/stm32f3xx_hal_dma.o
                                                  build/stm32f3xx_hal_uart.o
                                                  build/stm32f3xx_hal_tim_ex.o
                                                  build/stm32f3xx_hal_tim.o
                                                  build/stm32f3xx_hal_spi.o
                                                  build/stm32f3xx_hal_i2c.o
HAL_DMA_UnRegisterCallback                        build/stm32f3xx_hal_dma.o
HAL_DeInit                                        build/stm32f3xx_hal.o
HAL_Delay                                         build/stm32f3xx_hal.o
                                                  build/main.o
HAL_FLASHEx_Erase                                 build/stm32f3xx_hal_flash_ex.o
HAL_FLASHEx_Erase_IT                              build/stm32f3xx_hal_flash_ex.o
HAL_FLASHEx_OBErase                               build/stm32f3xx_hal_flash_ex.o
HAL_FLASHEx_OBGetConfig                           build/stm32f3xx_hal_flash_ex.o
HAL_FLASHEx_OBGetUserData                         build/stm32f3xx_hal_flash_ex.o
HAL_FLASHEx_OBProgram                             build/stm32f3xx_hal_flash_ex.o
HAL_FLASH_EndOfOperationCallback                  build/stm32f3xx_hal_flash.o
HAL_FLASH_GetError                                build/stm32f3xx_hal_flash.o
HAL_FLASH_IRQHandler                              build/stm32f3xx_hal_flash.o
HAL_FLASH_Lock                                    build/stm32f3xx_hal_flash.o
HAL_FLASH_OB_Launch                               build/stm32f3xx_hal_flash.o
HAL_FLASH_OB_Lock                                 build/stm32f3xx_hal_flash.o
HAL_FLASH_OB_Unlock                               build/stm32f3xx_hal_flash.o
HAL_FLASH_OperationErrorCallback                  build/stm32f3xx_hal_flash.o
HAL_FLASH_Program                                 build/stm32f3xx_hal_flash.o
HAL_FLASH_Program_IT                              build/stm32f3xx_hal_flash.o
HAL_FLASH_Unlock                                  build/stm32f3xx_hal_flash.o
HAL_GPIO_DeInit                                   build/stm32f3xx_hal_gpio.o
                                                  build/stm32f3xx_hal_msp.o
HAL_GPIO_EXTI_Callback                            build/stm32f3xx_hal_gpio.o
HAL_GPIO_EXTI_IRQHandler                          build/stm32f3xx_hal_gpio.o
HAL_GPIO_Init                                     build/stm32f3xx_hal_gpio.o
                                                  build/stm32f3xx_hal_rcc.o
                                                  build/stm32f3xx_hal_msp.o
                                                  build/main.o
HAL_GPIO_LockPin                                  build/stm32f3xx_hal_gpio.o
HAL_GPIO_ReadPin                                  build/stm32f3xx_hal_gpio.o
HAL_GPIO_TogglePin                                build/stm32f3xx_hal_gpio.o
HAL_GPIO_WritePin                                 build/stm32f3xx_hal_gpio.o
                                                  build/main.o
HAL_GetDEVID                                      build/stm32f3xx_hal.o
HAL_GetHalVersion                                 build/stm32f3xx_hal.o
HAL_GetREVID                                      build/stm32f3xx_hal.o
HAL_GetTick                                       build/stm32f3xx_hal.o
                                                  build/stm32f3xx_hal_flash.o
                                                  build/stm32f3xx_hal_dma.o
                                                  build/stm32f3xx_hal_rcc_ex.o
                                                  build/stm32f3xx_hal_rcc.o
                                                  build/stm32f3xx_hal_uart_ex.o
                                                  build/stm32f3xx_hal_uart.o
                                                  build/stm32f3xx_hal_spi.o
                                                  build/stm32f3xx_hal_i2c.o
HAL_GetTickFreq                                   build/stm32f3xx_hal.o
HAL_GetTickPrio                                   build/stm32f3xx_hal.o
HAL_GetUIDw0                                      build/stm32f3xx_hal.o
HAL_GetUIDw1                                      build/stm32f3xx_hal.o
HAL_GetUIDw2                                      build/stm32f3xx_hal.o
HAL_HalfDuplex_EnableReceiver                     build/stm32f3xx_hal_uart.o
HAL_HalfDuplex_EnableTransmitter                  build/stm32f3xx_hal_uart.o
HAL_HalfDuplex_Init                               build/stm32f3xx_hal_uart.o
HAL_I2CEx_ConfigAnalogFilter                      build/stm32f3xx_hal_i2c_ex.o
                                                  build/main.o
HAL_I2CEx_ConfigDigitalFilter                     build/stm32f3xx_hal_i2c_ex.o
                                                  build/main.o
HAL_I2CEx_DisableFastModePlus                     build/stm32f3xx_hal_i2c_ex.o
HAL_I2CEx_DisableWakeUp                           build/stm32f3xx_hal_i2c_ex.o
HAL_I2CEx_EnableFastModePlus                      build/stm32f3xx_hal_i2c_ex.o
HAL_I2CEx_EnableWakeUp                            build/stm32f3xx_hal_i2c_ex.o
HAL_I2C_AbortCpltCallback                         build/stm32f3xx_hal_i2c.o
HAL_I2C_AddrCallback                              build/stm32f3xx_hal_i2c.o
HAL_I2C_DeInit                                    build/stm32f3xx_hal_i2c.o
HAL_I2C_DisableListen_IT                          build/stm32f3xx_hal_i2c.o
HAL_I2C_ER_IRQHandler                             build/stm32f3xx_hal_i2c.o
HAL_I2C_EV_IRQHandler                             build/stm32f3xx_hal_i2c.o
HAL_I2C_EnableListen_IT                           build/stm32f3xx_hal_i2c.o
HAL_I2C_ErrorCallback                             build/stm32f3xx_hal_i2c.o
HAL_I2C_GetError                                  build/stm32f3xx_hal_i2c.o
HAL_I2C_GetMode                                   build/stm32f3xx_hal_i2c.o
HAL_I2C_GetState                                  build/stm32f3xx_hal_i2c.o
HAL_I2C_Init                                      build/stm32f3xx_hal_i2c.o
                                                  build/main.o
HAL_I2C_IsDeviceReady                             build/stm32f3xx_hal_i2c.o
HAL_I2C_ListenCpltCallback                        build/stm32f3xx_hal_i2c.o
HAL_I2C_MasterRxCpltCallback                      build/stm32f3xx_hal_i2c.o
HAL_I2C_MasterTxCpltCallback                      build/stm32f3xx_hal_i2c.o
HAL_I2C_Master_Abort_IT                           build/stm32f3xx_hal_i2c.o
HAL_I2C_Master_Receive                            build/stm32f3xx_hal_i2c.o
HAL_I2C_Master_Receive_DMA                        build/stm32f3xx_hal_i2c.o
HAL_I2C_Master_Receive_IT                         build/stm32f3xx_hal_i2c.o
HAL_I2C_Master_Sequential_Receive_IT              build/stm32f3xx_hal_i2c.o
HAL_I2C_Master_Sequential_Transmit_IT             build/stm32f3xx_hal_i2c.o
HAL_I2C_Master_Transmit                           build/stm32f3xx_hal_i2c.o
HAL_I2C_Master_Transmit_DMA                       build/stm32f3xx_hal_i2c.o
HAL_I2C_Master_Transmit_IT                        build/stm32f3xx_hal_i2c.o
HAL_I2C_MemRxCpltCallback                         build/stm32f3xx_hal_i2c.o
HAL_I2C_MemTxCpltCallback                         build/stm32f3xx_hal_i2c.o
HAL_I2C_Mem_Read                                  build/stm32f3xx_hal_i2c.o
HAL_I2C_Mem_Read_DMA                              build/stm32f3xx_hal_i2c.o
HAL_I2C_Mem_Read_IT                               build/stm32f3xx_hal_i2c.o
HAL_I2C_Mem_Write                                 build/stm32f3xx_hal_i2c.o
HAL_I2C_Mem_Write_DMA                             build/stm32f3xx_hal_i2c.o
HAL_I2C_Mem_Write_IT                              build/stm32f3xx_hal_i2c.o
HAL_I2C_MspDeInit                                 build/stm32f3xx_hal_msp.o
HAL_I2C_MspInit                                   build/stm32f3xx_hal_msp.o
HAL_I2C_SlaveRxCpltCallback                       build/stm32f3xx_hal_i2c.o
HAL_I2C_SlaveTxCpltCallback                       build/stm32f3xx_hal_i2c.o
HAL_I2C_Slave_Receive                             build/stm32f3xx_hal_i2c.o
HAL_I2C_Slave_Receive_DMA                         build/stm32f3xx_hal_i2c.o
HAL_I2C_Slave_Receive_IT                          build/stm32f3xx_hal_i2c.o
HAL_I2C_Slave_Sequential_Receive_IT               build/stm32f3xx_hal_i2c.o
HAL_I2C_Slave_Sequential_Transmit_IT              build/stm32f3xx_hal_i2c.o
HAL_I2C_Slave_Transmit                            build/stm32f3xx_hal_i2c.o
HAL_I2C_Slave_Transmit_DMA                        build/stm32f3xx_hal_i2c.o
HAL_I2C_Slave_Transmit_IT                         build/stm32f3xx_hal_i2c.o
HAL_IncTick                                       build/stm32f3xx_hal.o
                                                  build/stm32f3xx_it.o
HAL_Init                                          build/stm32f3xx_hal.o
                                                  build/main.o
HAL_InitTick                                      build/stm32f3xx_hal.o
                                                  build/stm32f3xx_hal_rcc.o
HAL_LIN_Init                                      build/stm32f3xx_hal_uart.o
HAL_LIN_SendBreak                                 build/stm32f3xx_hal_uart.o
HAL_MPU_ConfigRegion                              build/stm32f3xx_hal_cortex.o
HAL_MPU_Disable                                   build/stm32f3xx_hal_cortex.o
HAL_MPU_Enable                                    build/stm32f3xx_hal_cortex.o
HAL_MspDeInit                                     build/stm32f3xx_hal.o
HAL_MspInit                                       build/stm32f3xx_hal_msp.o
HAL_MultiProcessorEx_AddressLength_Set            build/stm32f3xx_hal_uart_ex.o
HAL_MultiProcessor_DisableMuteMode                build/stm32f3xx_hal_uart.o
HAL_MultiProcessor_EnableMuteMode                 build/stm32f3xx_hal_uart.o
HAL_MultiProcessor_EnterMuteMode                  build/stm32f3xx_hal_uart.o
HAL_MultiProcessor_Init                           build/stm32f3xx_hal_uart.o
HAL_NVIC_ClearPendingIRQ                          build/stm32f3xx_hal_cortex.o
HAL_NVIC_DisableIRQ                               build/stm32f3xx_hal_cortex.o
                                                  build/stm32f3xx_hal_msp.o
HAL_NVIC_EnableIRQ                                build/stm32f3xx_hal_cortex.o
                                                  build/stm32f3xx_hal_msp.o
HAL_NVIC_GetActive                                build/stm32f3xx_hal_cortex.o
HAL_NVIC_GetPendingIRQ                            build/stm32f3xx_hal_cortex.o
HAL_NVIC_GetPriority                              build/stm32f3xx_hal_cortex.o
HAL_NVIC_GetPriorityGrouping                      build/stm32f3xx_hal_cortex.o
HAL_NVIC_SetPendingIRQ                            build/stm32f3xx_hal_cortex.o
HAL_NVIC_SetPriority                              build/stm32f3xx_hal_cortex.o
                                                  build/stm32f3xx_hal.o
                                                  build/stm32f3xx_hal_msp.o
HAL_NVIC_SetPriorityGrouping                      build/stm32f3xx_hal_cortex.o
                                                  build/stm32f3xx_hal.o
HAL_NVIC_SystemReset                              build/stm32f3xx_hal_cortex.o
HAL_PWR_ConfigPVD                                 build/stm32f3xx_hal_pwr_ex.o
HAL_PWR_DeInit                                    build/stm32f3xx_hal_pwr.o
HAL_PWR_DisableBkUpAccess                         build/stm32f3xx_hal_pwr.o
HAL_PWR_DisablePVD                                build/stm32f3xx_hal_pwr_ex.o
HAL_PWR_DisableSEVOnPend                          build/stm32f3xx_hal_pwr.o
HAL_PWR_DisableSleepOnExit                        build/stm32f3xx_hal_pwr.o
HAL_PWR_DisableWakeUpPin                          build/stm32f3xx_hal_pwr.o
HAL_PWR_EnableBkUpAccess                          build/stm32f3xx_hal_pwr.o
HAL_PWR_EnablePVD                                 build/stm32f3xx_hal_pwr_ex.o
HAL_PWR_EnableSEVOnPend                           build/stm32f3xx_hal_pwr.o
HAL_PWR_EnableSleepOnExit                         build/stm32f3xx_hal_pwr.o
HAL_PWR_EnableWakeUpPin                           build/stm32f3xx_hal_pwr.o
HAL_PWR_EnterSLEEPMode                            build/stm32f3xx_hal_pwr.o
HAL_PWR_EnterSTANDBYMode                          build/stm32f3xx_hal_pwr.o
HAL_PWR_EnterSTOPMode                             build/stm32f3xx_hal_pwr.o
HAL_PWR_PVDCallback                               build/stm32f3xx_hal_pwr_ex.o
HAL_PWR_PVD_IRQHandler                            build/stm32f3xx_hal_pwr_ex.o
HAL_RCCEx_GetPeriphCLKConfig                      build/stm32f3xx_hal_rcc_ex.o
HAL_RCCEx_GetPeriphCLKFreq                        build/stm32f3xx_hal_rcc_ex.o
HAL_RCCEx_PeriphCLKConfig                         build/stm32f3xx_hal_rcc_ex.o
                                                  build/main.o
HAL_RCC_CSSCallback                               build/stm32f3xx_hal_rcc.o
HAL_RCC_ClockConfig                               build/stm32f3xx_hal_rcc.o
                                                  build/main.o
HAL_RCC_DeInit                                    build/stm32f3xx_hal_rcc.o
HAL_RCC_DisableCSS                                build/stm32f3xx_hal_rcc.o
HAL_RCC_EnableCSS                                 build/stm32f3xx_hal_rcc.o
HAL_RCC_GetClockConfig                            build/stm32f3xx_hal_rcc.o
HAL_RCC_GetHCLKFreq                               build/stm32f3xx_hal_rcc.o
HAL_RCC_GetOscConfig                              build/stm32f3xx_hal_rcc.o
HAL_RCC_GetPCLK1Freq                              build/stm32f3xx_hal_rcc.o
                                                  build/stm32f3xx_hal_rcc_ex.o
                                                  build/stm32f3xx_hal_uart.o
HAL_RCC_GetPCLK2Freq                              build/stm32f3xx_hal_rcc.o
                                                  build/stm32f3xx_hal_rcc_ex.o
                                                  build/stm32f3xx_hal_uart.o
HAL_RCC_GetSysClockFreq                           build/stm32f3xx_hal_rcc.o
                                                  build/stm32f3xx_hal_rcc_ex.o
                                                  build/stm32f3xx_hal_uart.o
HAL_RCC_MCOConfig                                 build/stm32f3xx_hal_rcc.o
HAL_RCC_NMI_IRQHandler                            build/stm32f3xx_hal_rcc.o
HAL_RCC_OscConfig                                 build/stm32f3xx_hal_rcc.o
                                                  build/main.o
HAL_RS485Ex_Init                                  build/stm32f3xx_hal_uart_ex.o
HAL_ResumeTick                                    build/stm32f3xx_hal.o
HAL_SPIEx_FlushRxFifo                             build/stm32f3xx_hal_spi_ex.o
HAL_SPI_Abort                                     build/stm32f3xx_hal_spi.o
HAL_SPI_AbortCpltCallback                         build/stm32f3xx_hal_spi.o
HAL_SPI_Abort_IT                                  build/stm32f3xx_hal_spi.o
HAL_SPI_DMAPause                                  build/stm32f3xx_hal_spi.o
HAL_SPI_DMAResume                                 build/stm32f3xx_hal_spi.o
HAL_SPI_DMAStop                                   build/stm32f3xx_hal_spi.o
HAL_SPI_DeInit                                    build/stm32f3xx_hal_spi.o
HAL_SPI_ErrorCallback                             build/stm32f3xx_hal_spi.o
HAL_SPI_GetError                                  build/stm32f3xx_hal_spi.o
HAL_SPI_GetState                                  build/stm32f3xx_hal_spi.o
                                                  build/main.o
HAL_SPI_IRQHandler                                build/stm32f3xx_hal_spi.o
HAL_SPI_Init                                      build/stm32f3xx_hal_spi.o
                                                  build/main.o
HAL_SPI_MspDeInit                                 build/stm32f3xx_hal_msp.o
HAL_SPI_MspInit                                   build/stm32f3xx_hal_msp.o
HAL_SPI_Receive                                   build/stm32f3xx_hal_spi.o
HAL_SPI_Receive_DMA                               build/stm32f3xx_hal_spi.o
HAL_SPI_Receive_IT                                build/stm32f3xx_hal_spi.o
HAL_SPI_RxCpltCallback                            build/stm32f3xx_hal_spi.o
HAL_SPI_RxHalfCpltCallback                        build/stm32f3xx_hal_spi.o
HAL_SPI_Transmit                                  build/stm32f3xx_hal_spi.o
HAL_SPI_TransmitReceive                           build/stm32f3xx_hal_spi.o
                                                  build/main.o
HAL_SPI_TransmitReceive_DMA                       build/stm32f3xx_hal_spi.o
HAL_SPI_TransmitReceive_IT                        build/stm32f3xx_hal_spi.o
HAL_SPI_Transmit_DMA                              build/stm32f3xx_hal_spi.o
HAL_SPI_Transmit_IT                               build/stm32f3xx_hal_spi.o
HAL_SPI_TxCpltCallback                            build/stm32f3xx_hal_spi.o
HAL_SPI_TxHalfCpltCallback                        build/stm32f3xx_hal_spi.o
HAL_SPI_TxRxCpltCallback                          build/stm32f3xx_hal_spi.o
HAL_SPI_TxRxHalfCpltCallback                      build/stm32f3xx_hal_spi.o
HAL_SYSTICK_CLKSourceConfig                       build/stm32f3xx_hal_cortex.o
HAL_SYSTICK_Callback                              build/stm32f3xx_hal_cortex.o
HAL_SYSTICK_Config                                build/stm32f3xx_hal_cortex.o
                                                  build/stm32f3xx_hal.o
HAL_SYSTICK_IRQHandler                            build/stm32f3xx_hal_cortex.o
HAL_SetTickFreq                                   build/stm32f3xx_hal.o
HAL_SuspendTick                                   build/stm32f3xx_hal.o
HAL_TIMEx_Break2Callback                          build/stm32f3xx_hal_tim_ex.o
                                                  build/stm32f3xx_hal_tim.o
HAL_TIMEx_BreakCallback                           build/stm32f3xx_hal_tim_ex.o
                                                  build/stm32f3xx_hal_tim.o
HAL_TIMEx_CommutationCallback                     build/stm32f3xx_hal_tim_ex.o
                                                  build/stm32f3xx_hal_tim.o
HAL_TIMEx_ConfigBreakDeadTime                     build/stm32f3xx_hal_tim_ex.o
                                                  build/main.o
HAL_TIMEx_ConfigCommutationEvent                  build/stm32f3xx_hal_tim_ex.o
HAL_TIMEx_ConfigCommutationEvent_DMA              build/stm32f3xx_hal_tim_ex.o
HAL_TIMEx_ConfigCommutationEvent_IT               build/stm32f3xx_hal_tim_ex.o
HAL_TIMEx_GroupChannel5                           build/stm32f3xx_hal_tim_ex.o
HAL_TIMEx_HallSensor_DeInit                       build/stm32f3xx_hal_tim_ex.o
HAL_TIMEx_HallSensor_GetState                     build/stm32f3xx_hal_tim_ex.o
HAL_TIMEx_HallSensor_Init                         build/stm32f3xx_hal_tim_ex.o
HAL_TIMEx_HallSensor_MspDeInit                    build/stm32f3xx_hal_tim_ex.o
HAL_TIMEx_HallSensor_MspInit                      build/stm32f3xx_hal_tim_ex.o
HAL_TIMEx_HallSensor_Start                        build/stm32f3xx_hal_tim_ex.o
HAL_TIMEx_HallSensor_Start_DMA                    build/stm32f3xx_hal_tim_ex.o
HAL_TIMEx_HallSensor_Start_IT                     build/stm32f3xx_hal_tim_ex.o
HAL_TIMEx_HallSensor_Stop                         build/stm32f3xx_hal_tim_ex.o
HAL_TIMEx_HallSensor_Stop_DMA                     build/stm32f3xx_hal_tim_ex.o
HAL_TIMEx_HallSensor_Stop_IT                      build/stm32f3xx_hal_tim_ex.o
HAL_TIMEx_MasterConfigSynchronization             build/stm32f3xx_hal_tim_ex.o
                                                  build/main.o
HAL_TIMEx_OCN_Start                               build/stm32f3xx_hal_tim_ex.o
HAL_TIMEx_OCN_Start_DMA                           build/stm32f3xx_hal_tim_ex.o
HAL_TIMEx_OCN_Start_IT                            build/stm32f3xx_hal_tim_ex.o
HAL_TIMEx_OCN_Stop                                build/stm32f3xx_hal_tim_ex.o
HAL_TIMEx_OCN_Stop_DMA                            build/stm32f3xx_hal_tim_ex.o
HAL_TIMEx_OCN_Stop_IT                             build/stm32f3xx_hal_tim_ex.o
HAL_TIMEx_OnePulseN_Start                         build/stm32f3xx_hal_tim_ex.o
HAL_TIMEx_OnePulseN_Start_IT                      build/stm32f3xx_hal_tim_ex.o
HAL_TIMEx_OnePulseN_Stop                          build/stm32f3xx_hal_tim_ex.o
HAL_TIMEx_OnePulseN_Stop_IT                       build/stm32f3xx_hal_tim_ex.o
HAL_TIMEx_PWMN_Start                              build/stm32f3xx_hal_tim_ex.o
HAL_TIMEx_PWMN_Start_DMA                          build/stm32f3xx_hal_tim_ex.o
HAL_TIMEx_PWMN_Start_IT                           build/stm32f3xx_hal_tim_ex.o
HAL_TIMEx_PWMN_Stop                               build/stm32f3xx_hal_tim_ex.o
HAL_TIMEx_PWMN_Stop_DMA                           build/stm32f3xx_hal_tim_ex.o
HAL_TIMEx_PWMN_Stop_IT                            build/stm32f3xx_hal_tim_ex.o
HAL_TIMEx_RemapConfig                             build/stm32f3xx_hal_tim_ex.o
HAL_TIM_Base_DeInit                               build/stm32f3xx_hal_tim.o
HAL_TIM_Base_GetState                             build/stm32f3xx_hal_tim.o
HAL_TIM_Base_Init                                 build/stm32f3xx_hal_tim.o
                                                  build/main.o
HAL_TIM_Base_MspDeInit                            build/stm32f3xx_hal_msp.o
HAL_TIM_Base_MspInit                              build/stm32f3xx_hal_msp.o
HAL_TIM_Base_Start                                build/stm32f3xx_hal_tim.o
HAL_TIM_Base_Start_DMA                            build/stm32f3xx_hal_tim.o
HAL_TIM_Base_Start_IT                             build/stm32f3xx_hal_tim.o
HAL_TIM_Base_Stop                                 build/stm32f3xx_hal_tim.o
HAL_TIM_Base_Stop_DMA                             build/stm32f3xx_hal_tim.o
HAL_TIM_Base_Stop_IT                              build/stm32f3xx_hal_tim.o
HAL_TIM_ConfigClockSource                         build/stm32f3xx_hal_tim.o
                                                  build/main.o
HAL_TIM_ConfigOCrefClear                          build/stm32f3xx_hal_tim_ex.o
                                                  build/stm32f3xx_hal_tim.o
HAL_TIM_ConfigTI1Input                            build/stm32f3xx_hal_tim.o
HAL_TIM_DMABurst_MultiReadStart                   build/stm32f3xx_hal_tim.o
HAL_TIM_DMABurst_MultiWriteStart                  build/stm32f3xx_hal_tim.o
HAL_TIM_DMABurst_ReadStart                        build/stm32f3xx_hal_tim.o
HAL_TIM_DMABurst_ReadStop                         build/stm32f3xx_hal_tim.o
HAL_TIM_DMABurst_WriteStart                       build/stm32f3xx_hal_tim.o
HAL_TIM_DMABurst_WriteStop                        build/stm32f3xx_hal_tim.o
HAL_TIM_Encoder_DeInit                            build/stm32f3xx_hal_tim.o
HAL_TIM_Encoder_GetState                          build/stm32f3xx_hal_tim.o
HAL_TIM_Encoder_Init                              build/stm32f3xx_hal_tim.o
HAL_TIM_Encoder_MspDeInit                         build/stm32f3xx_hal_tim.o
HAL_TIM_Encoder_MspInit                           build/stm32f3xx_hal_tim.o
HAL_TIM_Encoder_Start                             build/stm32f3xx_hal_tim.o
HAL_TIM_Encoder_Start_DMA                         build/stm32f3xx_hal_tim.o
HAL_TIM_Encoder_Start_IT                          build/stm32f3xx_hal_tim.o
HAL_TIM_Encoder_Stop                              build/stm32f3xx_hal_tim.o
HAL_TIM_Encoder_Stop_DMA                          build/stm32f3xx_hal_tim.o
HAL_TIM_Encoder_Stop_IT                           build/stm32f3xx_hal_tim.o
HAL_TIM_ErrorCallback                             build/stm32f3xx_hal_tim.o
HAL_TIM_GenerateEvent                             build/stm32f3xx_hal_tim.o
HAL_TIM_IC_CaptureCallback                        build/stm32f3xx_hal_tim.o
HAL_TIM_IC_ConfigChannel                          build/stm32f3xx_hal_tim.o
HAL_TIM_IC_DeInit                                 build/stm32f3xx_hal_tim.o
HAL_TIM_IC_GetState                               build/stm32f3xx_hal_tim.o
HAL_TIM_IC_Init                                   build/stm32f3xx_hal_tim.o
HAL_TIM_IC_MspDeInit                              build/stm32f3xx_hal_tim.o
HAL_TIM_IC_MspInit                                build/stm32f3xx_hal_tim.o
HAL_TIM_IC_Start                                  build/stm32f3xx_hal_tim.o
HAL_TIM_IC_Start_DMA                              build/stm32f3xx_hal_tim.o
HAL_TIM_IC_Start_IT                               build/stm32f3xx_hal_tim.o
HAL_TIM_IC_Stop                                   build/stm32f3xx_hal_tim.o
HAL_TIM_IC_Stop_DMA                               build/stm32f3xx_hal_tim.o
HAL_TIM_IC_Stop_IT                                build/stm32f3xx_hal_tim.o
HAL_TIM_IRQHandler                                build/stm32f3xx_hal_tim.o
HAL_TIM_MspPostInit                               build/stm32f3xx_hal_msp.o
                                                  build/main.o
HAL_TIM_OC_ConfigChannel                          build/stm32f3xx_hal_tim_ex.o
                                                  build/stm32f3xx_hal_tim.o
HAL_TIM_OC_DeInit                                 build/stm32f3xx_hal_tim.o
HAL_TIM_OC_DelayElapsedCallback                   build/stm32f3xx_hal_tim.o
HAL_TIM_OC_GetState                               build/stm32f3xx_hal_tim.o
HAL_TIM_OC_Init                                   build/stm32f3xx_hal_tim.o
HAL_TIM_OC_MspDeInit                              build/stm32f3xx_hal_tim.o
HAL_TIM_OC_MspInit                                build/stm32f3xx_hal_tim.o
HAL_TIM_OC_Start                                  build/stm32f3xx_hal_tim.o
HAL_TIM_OC_Start_DMA                              build/stm32f3xx_hal_tim.o
HAL_TIM_OC_Start_IT                               build/stm32f3xx_hal_tim.o
HAL_TIM_OC_Stop                                   build/stm32f3xx_hal_tim.o
HAL_TIM_OC_Stop_DMA                               build/stm32f3xx_hal_tim.o
HAL_TIM_OC_Stop_IT                                build/stm32f3xx_hal_tim.o
HAL_TIM_OnePulse_ConfigChannel                    build/stm32f3xx_hal_tim.o
HAL_TIM_OnePulse_DeInit                           build/stm32f3xx_hal_tim.o
HAL_TIM_OnePulse_GetState                         build/stm32f3xx_hal_tim.o
HAL_TIM_OnePulse_Init                             build/stm32f3xx_hal_tim.o
HAL_TIM_OnePulse_MspDeInit                        build/stm32f3xx_hal_tim.o
HAL_TIM_OnePulse_MspInit                          build/stm32f3xx_hal_tim.o
HAL_TIM_OnePulse_Start                            build/stm32f3xx_hal_tim.o
HAL_TIM_OnePulse_Start_IT                         build/stm32f3xx_hal_tim.o
HAL_TIM_OnePulse_Stop                             build/stm32f3xx_hal_tim.o
HAL_TIM_OnePulse_Stop_IT                          build/stm32f3xx_hal_tim.o
HAL_TIM_PWM_ConfigChannel                         build/stm32f3xx_hal_tim_ex.o
                                                  build/stm32f3xx_hal_tim.o
                                                  build/main.o
HAL_TIM_PWM_DeInit                                build/stm32f3xx_hal_tim.o
HAL_TIM_PWM_GetState                              build/stm32f3xx_hal_tim.o
HAL_TIM_PWM_Init                                  build/stm32f3xx_hal_tim.o
                                                  build/main.o
HAL_TIM_PWM_MspDeInit                             build/stm32f3xx_hal_tim.o
HAL_TIM_PWM_MspInit                               build/stm32f3xx_hal_tim.o
HAL_TIM_PWM_PulseFinishedCallback                 build/stm32f3xx_hal_tim.o
HAL_TIM_PWM_Start                                 build/stm32f3xx_hal_tim.o
                                                  build/main.o
HAL_TIM_PWM_Start_DMA                             build/stm32f3xx_hal_tim.o
HAL_TIM_PWM_Start_IT                              build/stm32f3xx_hal_tim.o
HAL_TIM_PWM_Stop                                  build/stm32f3xx_hal_tim.o
HAL_TIM_PWM_Stop_DMA                              build/stm32f3xx_hal_tim.o
HAL_TIM_PWM_Stop_IT                               build/stm32f3xx_hal_tim.o
HAL_TIM_PeriodElapsedCallback                     build/stm32f3xx_hal_tim.o
HAL_TIM_ReadCapturedValue                         build/stm32f3xx_hal_tim.o
HAL_TIM_SlaveConfigSynchronization                build/stm32f3xx_hal_tim.o
HAL_TIM_SlaveConfigSynchronization_IT             build/stm32f3xx_hal_tim.o
HAL_TIM_TriggerCallback                           build/stm32f3xx_hal_tim.o
HAL_UARTEx_DisableStopMode                        build/stm32f3xx_hal_uart_ex.o
HAL_UARTEx_EnableStopMode                         build/stm32f3xx_hal_uart_ex.o
HAL_UARTEx_StopModeWakeUpSourceConfig             build/stm32f3xx_hal_uart_ex.o
HAL_UARTEx_WakeupCallback                         build/stm32f3xx_hal_uart_ex.o
                                                  build/stm32f3xx_hal_uart.o
HAL_UART_Abort                                    build/stm32f3xx_hal_uart.o
HAL_UART_AbortCpltCallback                        build/stm32f3xx_hal_uart.o
HAL_UART_AbortReceive                             build/stm32f3xx_hal_uart.o
HAL_UART_AbortReceiveCpltCallback                 build/stm32f3xx_hal_uart.o
HAL_UART_AbortReceive_IT                          build/stm32f3xx_hal_uart.o
HAL_UART_AbortTransmit                            build/stm32f3xx_hal_uart.o
HAL_UART_AbortTransmitCpltCallback                build/stm32f3xx_hal_uart.o
HAL_UART_AbortTransmit_IT                         build/stm32f3xx_hal_uart.o
HAL_UART_Abort_IT                                 build/stm32f3xx_hal_uart.o
HAL_UART_DMAPause                                 build/stm32f3xx_hal_uart.o
HAL_UART_DMAResume                                build/stm32f3xx_hal_uart.o
HAL_UART_DMAStop                                  build/stm32f3xx_hal_uart.o
HAL_UART_DeInit                                   build/stm32f3xx_hal_uart.o
HAL_UART_ErrorCallback                            build/stm32f3xx_hal_uart.o
HAL_UART_GetError                                 build/stm32f3xx_hal_uart.o
HAL_UART_GetState                                 build/stm32f3xx_hal_uart.o
HAL_UART_IRQHandler                               build/stm32f3xx_hal_uart.o
                                                  build/stm32f3xx_it.o
HAL_UART_Init                                     build/stm32f3xx_hal_uart.o